Run virt-v2v with the following input:
<domain type="kvm"><name>mtv-rhel8-sanity</name><memory>2147483648</memory><os><type>hvm</type><boot dev="hd"></boot></os><cpu><topology sockets="1" cores="1"></topology></cpu><devices><disk type="file" device="disk"><driver name="qemu" type="raw"></driver><source file="/mnt/disks/disk0/disk.img"></source><target dev="hda" bus="virtio"></target></disk></devices></domain>virt-v2v: virt-v2v 1.42.0rhel=8,release=16.module+el8.5.0+13900+a08c0464 (x86_64)
libvirt version: 7.6.0
[   0.0] Opening the source -i libvirtxml /mnt/v2v/input.xml
libvirt xml is:
<domain type="kvm"><name>mtv-rhel8-sanity</name><memory>2147483648</memory><os><type>hvm</type><boot dev="hd"></boot></os><cpu><topology sockets="1" cores="1"></topology></cpu><devices><disk type="file" device="disk"><driver name="qemu" type="raw"></driver><source file="/mnt/disks/disk0/disk.img"></source><target dev="hda" bus="virtio"></target></disk></devices></domain>
    source name: mtv-rhel8-sanity
hypervisor type: kvm
       VM genid: 
         memory: 2199023255552 (bytes)
       nr vCPUs: 1
     CPU vendor: 
      CPU model: 
   CPU topology: 
   CPU features: 
       firmware: unknown
        display: 
          video: 
          sound: 
disks:
	/mnt/disks/disk0/disk.img (raw) [virtio-blk]
removable media:

NICs:


check_host_free_space: large_tmpdir=/var/tmp free_space=50229039104
[   0.0] Creating an overlay to protect the source from being modified
qemu-img 'create' '-q' '-f' 'qcow2' '-b' '/mnt/disks/disk0/disk.img' '-o' 'compat=1.1,backing_fmt=raw' '/var/tmp/v2vovl8eae9c.qcow2'
libguestfs: trace: set_verbose true
libguestfs: trace: set_verbose = 0
libguestfs: trace: disk_has_backing_file "/var/tmp/v2vovl8eae9c.qcow2"
libguestfs: command: run: qemu-img --help | grep -sqE -- '\binfo\b.*-U\b'
libguestfs: command: run: qemu-img
libguestfs: command: run: \ info
libguestfs: command: run: \ -U
libguestfs: command: run: \ --output json
libguestfs: command: run: \ /var/tmp/v2vovl8eae9c.qcow2
libguestfs: parse_json: qemu-img info JSON output:\n{\n    "backing-filename-format": "raw",\n    "virtual-size": 12884901888,\n    "filename": "/var/tmp/v2vovl8eae9c.qcow2",\n    "cluster-size": 65536,\n    "format": "qcow2",\n    "actual-size": 200704,\n    "format-specific": {\n        "type": "qcow2",\n        "data": {\n            "compat": "1.1",\n            "compression-type": "zlib",\n            "lazy-refcounts": false,\n            "refcount-bits": 16,\n            "corrupt": false,\n            "extended-l2": false\n        }\n    },\n    "full-backing-filename": "/mnt/disks/disk0/disk.img",\n    "backing-filename": "/mnt/disks/disk0/disk.img",\n    "dirty-flag": false\n}\n\n
libguestfs: trace: disk_has_backing_file = 1
libguestfs: trace: set_verbose true
libguestfs: trace: set_verbose = 0
libguestfs: trace: disk_virtual_size "/var/tmp/v2vovl8eae9c.qcow2"
libguestfs: command: run: qemu-img --help | grep -sqE -- '\binfo\b.*-U\b'
libguestfs: command: run: qemu-img
libguestfs: command: run: \ info
libguestfs: command: run: \ -U
libguestfs: command: run: \ --output json
libguestfs: command: run: \ /var/tmp/v2vovl8eae9c.qcow2
libguestfs: parse_json: qemu-img info JSON output:\n{\n    "backing-filename-format": "raw",\n    "virtual-size": 12884901888,\n    "filename": "/var/tmp/v2vovl8eae9c.qcow2",\n    "cluster-size": 65536,\n    "format": "qcow2",\n    "actual-size": 200704,\n    "format-specific": {\n        "type": "qcow2",\n        "data": {\n            "compat": "1.1",\n            "compression-type": "zlib",\n            "lazy-refcounts": false,\n            "refcount-bits": 16,\n            "corrupt": false,\n            "extended-l2": false\n        }\n    },\n    "full-backing-filename": "/mnt/disks/disk0/disk.img",\n    "backing-filename": "/mnt/disks/disk0/disk.img",\n    "dirty-flag": false\n}\n\n
libguestfs: trace: disk_virtual_size = 12884901888
[   0.8] Opening the overlay
libguestfs: trace: set_verbose true
libguestfs: trace: set_verbose = 0
libguestfs: trace: set_identifier "v2v"
libguestfs: trace: v2v: set_identifier = 0
libguestfs: trace: v2v: get_memsize
libguestfs: trace: v2v: get_memsize = 1280
libguestfs: trace: v2v: set_memsize 3584
libguestfs: trace: v2v: set_memsize = 0
libguestfs: trace: v2v: set_network true
libguestfs: trace: v2v: set_network = 0
libguestfs: trace: v2v: add_drive "/var/tmp/v2vovl8eae9c.qcow2" "format:qcow2" "cachemode:unsafe" "discard:besteffort" "copyonread:true"
libguestfs: trace: v2v: add_drive = 0
libguestfs: trace: v2v: launch
libguestfs: trace: v2v: max_disks
libguestfs: trace: v2v: max_disks = 255
libguestfs: trace: v2v: get_tmpdir
libguestfs: trace: v2v: get_tmpdir = "/tmp"
libguestfs: trace: v2v: version
libguestfs: trace: v2v: version = <struct guestfs_version = major: 1, minor: 44, release: 0, extra: rhel=8,release=3.module+el8.5.0+10681+17a9b157,libvirt, >
libguestfs: trace: v2v: get_backend
libguestfs: trace: v2v: get_backend = "direct"
libguestfs: launch: program=virt-v2v
libguestfs: launch: identifier=v2v
libguestfs: launch: version=1.44.0rhel=8,release=3.module+el8.5.0+10681+17a9b157,libvirt
libguestfs: launch: backend registered: unix
libguestfs: launch: backend registered: uml
libguestfs: launch: backend registered: libvirt
libguestfs: launch: backend registered: direct
libguestfs: launch: backend=direct
libguestfs: launch: tmpdir=/tmp/libguestfsiK7WrM
libguestfs: launch: umask=0022
libguestfs: launch: euid=0
libguestfs: trace: v2v: get_cachedir
libguestfs: trace: v2v: get_cachedir = "/var/tmp"
libguestfs: begin building supermin appliance
libguestfs: run supermin
libguestfs: command: run: /usr/bin/supermin
libguestfs: command: run: \ --build
libguestfs: command: run: \ --verbose
libguestfs: command: run: \ --if-newer
libguestfs: command: run: \ --lock /var/tmp/.guestfs-0/lock
libguestfs: command: run: \ --copy-kernel
libguestfs: command: run: \ -f ext2
libguestfs: command: run: \ --host-cpu x86_64
libguestfs: command: run: \ /usr/lib64/guestfs/supermin.d
libguestfs: command: run: \ -o /var/tmp/.guestfs-0/appliance.d
supermin: version: 5.2.1
supermin: rpm: detected RPM version 4.14
supermin: rpm: detected RPM architecture x86_64
supermin: package handler: fedora/rpm
supermin: acquiring lock on /var/tmp/.guestfs-0/lock
supermin: build: /usr/lib64/guestfs/supermin.d
supermin: reading the supermin appliance
supermin: build: visiting /usr/lib64/guestfs/supermin.d/base.tar.gz type gzip base image (tar)
supermin: build: visiting /usr/lib64/guestfs/supermin.d/daemon.tar.gz type gzip base image (tar)
supermin: build: visiting /usr/lib64/guestfs/supermin.d/excludefiles type uncompressed excludefiles
supermin: build: visiting /usr/lib64/guestfs/supermin.d/hostfiles type uncompressed hostfiles
supermin: build: visiting /usr/lib64/guestfs/supermin.d/init.tar.gz type gzip base image (tar)
supermin: build: visiting /usr/lib64/guestfs/supermin.d/packages type uncompressed packages
supermin: build: visiting /usr/lib64/guestfs/supermin.d/udev-rules.tar.gz type gzip base image (tar)
supermin: build: visiting /usr/lib64/guestfs/supermin.d/zz-packages-xfs type uncompressed packages
supermin: build: visiting /usr/lib64/guestfs/supermin.d/zz-winsupport.tar.gz type gzip base image (tar)
supermin: mapping package names to installed packages
supermin: resolving full list of package dependencies
supermin: build: 172 packages, including dependencies
supermin: build: 32035 files
supermin: build: 7088 files, after matching excludefiles
supermin: build: 7102 files, after adding hostfiles
supermin: build: 5228 files, after removing unreadable files
supermin: build: 5263 files, after munging
supermin: kernel: looking for kernel using environment variables ...
supermin: kernel: looking for kernels in /lib/modules/*/vmlinuz ...
supermin: kernel: picked vmlinuz /lib/modules/4.18.0-348.12.2.el8_5.x86_64/vmlinuz
supermin: kernel: kernel_version 4.18.0-348.12.2.el8_5.x86_64
supermin: kernel: modpath /lib/modules/4.18.0-348.12.2.el8_5.x86_64
supermin: ext2: creating empty ext2 filesystem '/var/tmp/.guestfs-0/appliance.d.dcmor231/root'
supermin: ext2: populating from base image
supermin: ext2: copying files from host filesystem
supermin: ext2: copying kernel modules
supermin: ext2: creating minimal initrd '/var/tmp/.guestfs-0/appliance.d.dcmor231/initrd'
supermin: ext2: wrote 31 modules to minimal initrd
supermin: renaming /var/tmp/.guestfs-0/appliance.d.dcmor231 to /var/tmp/.guestfs-0/appliance.d
libguestfs: finished building supermin appliance
libguestfs: begin testing qemu features
libguestfs: trace: v2v: get_cachedir
libguestfs: trace: v2v: get_cachedir = "/var/tmp"
libguestfs: checking for previously cached test results of /usr/libexec/qemu-kvm, in /var/tmp/.guestfs-0
libguestfs: command: run: /usr/libexec/qemu-kvm
libguestfs: command: run: \ -display none
libguestfs: command: run: \ -help
libguestfs: command: run: /usr/libexec/qemu-kvm
libguestfs: command: run: \ -display none
libguestfs: command: run: \ -machine accel=kvm:tcg
libguestfs: command: run: \ -device ?
libguestfs: command: run: echo '{ "execute": "qmp_capabilities" }' '{ "execute": "query-qmp-schema" }' '{ "execute": "quit" }'  | QEMU_AUDIO_DRV=none "/usr/libexec/qemu-kvm" -display none -machine "accel=kvm:tcg" -qmp stdio
libguestfs: command: run: echo '{ "execute": "qmp_capabilities" }' '{ "execute": "query-kvm" }' '{ "execute": "quit" }'  | QEMU_AUDIO_DRV=none "/usr/libexec/qemu-kvm" -display none -machine "accel=kvm:tcg" -qmp stdio
libguestfs: saving test results
libguestfs: qemu version: 6.0
libguestfs: qemu mandatory locking: yes
libguestfs: qemu KVM: enabled
libguestfs: trace: v2v: get_backend_setting "force_tcg"
libguestfs: trace: v2v: get_backend_setting = NULL (error)
libguestfs: trace: v2v: get_sockdir
libguestfs: trace: v2v: get_sockdir = "/tmp"
libguestfs: finished testing qemu features
libguestfs: trace: v2v: get_backend_setting "gdb"
libguestfs: trace: v2v: get_backend_setting = NULL (error)
libguestfs: command: run: file
libguestfs: command: run: \ -- /var/tmp/.guestfs-0/appliance.d/root
/usr/libexec/qemu-kvm \
    -global virtio-blk-pci.scsi=off \
    -no-user-config \
    -enable-fips \
    -nodefaults \
    -display none \
    -machine accel=kvm:tcg \
    -cpu host \
    -m 3584 \
    -no-reboot \
    -rtc driftfix=slew \
    -no-hpet \
    -global kvm-pit.lost_tick_policy=discard \
    -kernel /var/tmp/.guestfs-0/appliance.d/kernel \
    -initrd /var/tmp/.guestfs-0/appliance.d/initrd \
    -object rng-random,filename=/dev/urandom,id=rng0 \
    -device virtio-rng-pci,rng=rng0 \
    -device virtio-scsi-pci,id=scsi \
    -drive file=/var/tmp/v2vovl8eae9c.qcow2,cache=unsafe,format=qcow2,copy-on-read=on,discard=unmap,id=hd0,if=none \
    -device scsi-hd,drive=hd0 \
    -drive file=/var/tmp/.guestfs-0/appliance.d/root,snapshot=on,id=appliance,cache=unsafe,if=none,format=raw \
    -device scsi-hd,drive=appliance \
    -device virtio-serial-pci \
    -serial stdio \
    -device sga \
    -chardev socket,path=/tmp/libguestfs0sTFAN/guestfsd.sock,id=channel0 \
    -device virtserialport,chardev=channel0,name=org.libguestfs.channel.0 \
    -netdev user,id=usernet,net=169.254.0.0/16 \
    -device virtio-net-pci,netdev=usernet \
    -append "panic=1 console=ttyS0 edd=off udevtimeout=6000 udev.event-timeout=6000 no_timer_check printk.time=1 cgroup_disable=memory usbcore.nousb cryptomgr.notests tsc=reliable 8250.nr_uarts=1 root=UUID=c34e24df-039d-4671-adb2-ab357cf24d93 selinux=0 guestfs_verbose=1 guestfs_network=1 TERM=xterm guestfs_identifier=v2v"
qemu-kvm: -enable-fips: warning: -enable-fips is deprecated, please build QEMU with the `libgcrypt` library as the cryptography provider to enable FIPS compliance
libguestfs: responding to serial console Device Status Report
\x1b[1;256r\x1b[256;256H\x1b[6n
Google, Inc.
Serial Graphics Adapter 11/25/20
SGABIOS $Id$ (mockbuild@) Wed Nov 25 00:32:02 UTC 2020
Term: 80x24
4 0
\x1b[2JSeaBIOS (version 1.14.0-1.module+el8.4.0+8855+a9e237a9)


iPXE (http://ipxe.org) 00:05.0 C100 PCI2.10 PnP PMM+BFF8E400+BFECE400 C100
Press Ctrl-B to configure iPXE (PCI 00:05.0)...                                                                               


Booting from ROM...
\x1b[2J[    0.000000] Linux version 4.18.0-348.12.2.el8_5.x86_64 (mockbuild@x86-vm-09.build.eng.bos.redhat.com) (gcc version 8.5.0 20210514 (Red Hat 8.5.0-4) (GCC)) #1 SMP Mon Jan 17 07:06:06 EST 2022
[    0.000000] Command line: panic=1 console=ttyS0 edd=off udevtimeout=6000 udev.event-timeout=6000 no_timer_check printk.time=1 cgroup_disable=memory usbcore.nousb cryptomgr.notests tsc=reliable 8250.nr_uarts=1 root=UUID=c34e24df-039d-4671-adb2-ab357cf24d93 selinux=0 guestfs_verbose=1 guestfs_network=1 TERM=xterm guestfs_identifier=v2v
[    0.000000] x86/fpu: Supporting XSAVE feature 0x001: 'x87 floating point registers'
[    0.000000] x86/fpu: Supporting XSAVE feature 0x002: 'SSE registers'
[    0.000000] x86/fpu: Supporting XSAVE feature 0x004: 'AVX registers'
[    0.000000] x86/fpu: xstate_offset[2]:  576, xstate_sizes[2]:  256
[    0.000000] x86/fpu: Enabled xstate features 0x7, context size is 832 bytes, using 'compacted' format.
[    0.000000] BIOS-provided physical RAM map:
[    0.000000] BIOS-e820: [mem 0x0000000000000000-0x000000000009f7ff] usable
[    0.000000] BIOS-e820: [mem 0x000000000009f800-0x000000000009ffff] reserved
[    0.000000] BIOS-e820: [mem 0x00000000000f0000-0x00000000000fffff] reserved
[    0.000000] BIOS-e820: [mem 0x0000000000100000-0x00000000bffdcfff] usable
[    0.000000] BIOS-e820: [mem 0x00000000bffdd000-0x00000000bfffffff] reserved
[    0.000000] BIOS-e820: [mem 0x00000000feffc000-0x00000000feffffff] reserved
[    0.000000] BIOS-e820: [mem 0x00000000fffc0000-0x00000000ffffffff] reserved
[    0.000000] BIOS-e820: [mem 0x0000000100000000-0x000000011fffffff] usable
[    0.000000] NX (Execute Disable) protection: active
[    0.000000] SMBIOS 2.8 present.
[    0.000000] DMI: Red Hat KVM, BIOS 1.14.0-1.module+el8.4.0+8855+a9e237a9 04/01/2014
[    0.000000] Hypervisor detected: KVM
[    0.000000] kvm-clock: Using msrs 4b564d01 and 4b564d00
[    0.000000] kvm-clock: cpu 0, msr 116801001, primary cpu clock
[    0.000000] kvm-clock: using sched offset of 1098540909 cycles
[    0.000000] clocksource: kvm-clock: mask: 0xffffffffffffffff max_cycles: 0x1cd42e4dffb, max_idle_ns: 881590591483 ns
[    0.000000] tsc: Detected 2595.122 MHz processor
[    0.000000] last_pfn = 0x120000 max_arch_pfn = 0x400000000
[    0.000000] x86/PAT: Configuration [0-7]: WB  WC  UC- UC  WB  WP  UC- WT  
[    0.000000] last_pfn = 0xbffdd max_arch_pfn = 0x400000000
[    0.000000] found SMP MP-table at [mem 0x000f5c00-0x000f5c0f]
[    0.000000] Using GB pages for direct mapping
[    0.000000] RAMDISK: [mem 0xbfb51000-0xbffcffff]
[    0.000000] ACPI: Early table checksum verification disabled
[    0.000000] ACPI: RSDP 0x00000000000F59C0 000014 (v00 BOCHS )
[    0.000000] ACPI: RSDT 0x00000000BFFE17D8 000030 (v01 BOCHS  BXPC     00000001 BXPC 00000001)
[    0.000000] ACPI: FACP 0x00000000BFFE16C4 000074 (v01 BOCHS  BXPC     00000001 BXPC 00000001)
[    0.000000] ACPI: DSDT 0x00000000BFFE0040 001684 (v01 BOCHS  BXPC     00000001 BXPC 00000001)
[    0.000000] ACPI: FACS 0x00000000BFFE0000 000040
[    0.000000] ACPI: APIC 0x00000000BFFE1738 000078 (v01 BOCHS  BXPC     00000001 BXPC 00000001)
[    0.000000] ACPI: WAET 0x00000000BFFE17B0 000028 (v01 BOCHS  BXPC     00000001 BXPC 00000001)
[    0.000000] ACPI: Reserving FACP table memory at [mem 0xbffe16c4-0xbffe1737]
[    0.000000] ACPI: Reserving DSDT table memory at [mem 0xbffe0040-0xbffe16c3]
[    0.000000] ACPI: Reserving FACS table memory at [mem 0xbffe0000-0xbffe003f]
[    0.000000] ACPI: Reserving APIC table memory at [mem 0xbffe1738-0xbffe17af]
[    0.000000] ACPI: Reserving WAET table memory at [mem 0xbffe17b0-0xbffe17d7]
[    0.000000] No NUMA configuration found
[    0.000000] Faking a node at [mem 0x0000000000000000-0x000000011fffffff]
[    0.000000] NODE_DATA(0) allocated [mem 0x11ffd5000-0x11fffffff]
[    0.000000] Zone ranges:
[    0.000000]   DMA      [mem 0x0000000000001000-0x0000000000ffffff]
[    0.000000]   DMA32    [mem 0x0000000001000000-0x00000000ffffffff]
[    0.000000]   Normal   [mem 0x0000000100000000-0x000000011fffffff]
[    0.000000]   Device   empty
[    0.000000] Movable zone start for each node
[    0.000000] Early memory node ranges
[    0.000000]   node   0: [mem 0x0000000000001000-0x000000000009efff]
[    0.000000]   node   0: [mem 0x0000000000100000-0x00000000bffdcfff]
[    0.000000]   node   0: [mem 0x0000000100000000-0x000000011fffffff]
[    0.000000] Zeroed struct page in unavailable ranges: 133 pages
[    0.000000] Initmem setup node 0 [mem 0x0000000000001000-0x000000011fffffff]
[    0.000000] ACPI: PM-Timer IO Port: 0x608
[    0.000000] ACPI: LAPIC_NMI (acpi_id[0xff] dfl dfl lint[0x1])
[    0.000000] IOAPIC[0]: apic_id 0, version 17, address 0xfec00000, GSI 0-23
[    0.000000] ACPI: INT_SRC_OVR (bus 0 bus_irq 0 global_irq 2 dfl dfl)
[    0.000000] ACPI: INT_SRC_OVR (bus 0 bus_irq 5 global_irq 5 high level)
[    0.000000] ACPI: INT_SRC_OVR (bus 0 bus_irq 9 global_irq 9 high level)
[    0.000000] ACPI: INT_SRC_OVR (bus 0 bus_irq 10 global_irq 10 high level)
[    0.000000] ACPI: INT_SRC_OVR (bus 0 bus_irq 11 global_irq 11 high level)
[    0.000000] Using ACPI (MADT) for SMP configuration information
[    0.000000] smpboot: Allowing 1 CPUs, 0 hotplug CPUs
[    0.000000] kvm-guest: KVM setup pv remote TLB flush
[    0.000000] kvm-guest: setup PV sched yield
[    0.000000] PM: Registered nosave memory: [mem 0x00000000-0x00000fff]
[    0.000000] PM: Registered nosave memory: [mem 0x0009f000-0x0009ffff]
[    0.000000] PM: Registered nosave memory: [mem 0x000a0000-0x000effff]
[    0.000000] PM: Registered nosave memory: [mem 0x000f0000-0x000fffff]
[    0.000000] PM: Registered nosave memory: [mem 0xbffdd000-0xbfffffff]
[    0.000000] PM: Registered nosave memory: [mem 0xc0000000-0xfeffbfff]
[    0.000000] PM: Registered nosave memory: [mem 0xfeffc000-0xfeffffff]
[    0.000000] PM: Registered nosave memory: [mem 0xff000000-0xfffbffff]
[    0.000000] PM: Registered nosave memory: [mem 0xfffc0000-0xffffffff]
[    0.000000] [mem 0xc0000000-0xfeffbfff] available for PCI devices
[    0.000000] Booting paravirtualized kernel on KVM
[    0.000000] clocksource: refined-jiffies: mask: 0xffffffff max_cycles: 0xffffffff, max_idle_ns: 1910969940391419 ns
[    0.000000] setup_percpu: NR_CPUS:8192 nr_cpumask_bits:1 nr_cpu_ids:1 nr_node_ids:1
[    0.000000] percpu: Embedded 54 pages/cpu s184320 r8192 d28672 u2097152
[    0.000000] kvm-guest: stealtime: cpu 0, msr 11c42c080
[    0.000000] kvm-guest: PV spinlocks disabled, single CPU
[    0.000000] Built 1 zonelists, mobility grouping on.  Total pages: 902877
[    0.000000] Policy zone: Normal
[    0.000000] Kernel command line: panic=1 console=ttyS0 edd=off udevtimeout=6000 udev.event-timeout=6000 no_timer_check printk.time=1 cgroup_disable=memory usbcore.nousb cryptomgr.notests tsc=reliable 8250.nr_uarts=1 root=UUID=c34e24df-039d-4671-adb2-ab357cf24d93 selinux=0 guestfs_verbose=1 guestfs_network=1 TERM=xterm guestfs_identifier=v2v
[    0.000000] Specific versions of hardware are certified with Red Hat Enterprise Linux 8. Please see the list of hardware certified with Red Hat Enterprise Linux 8 at https://catalog.redhat.com.
[    0.000000] Memory: 3205496K/3669484K available (12293K kernel code, 2261K rwdata, 7872K rodata, 2492K init, 13944K bss, 174068K reserved, 0K cma-reserved)
[    0.000000] SLUB: HWalign=64, Order=0-3, MinObjects=0, CPUs=1, Nodes=1
[    0.000000] ftrace: allocating 39497 entries in 155 pages
[    0.000000] ftrace: allocated 155 pages with 5 groups
[    0.001000] rcu: Hierarchical RCU implementation.
[    0.001000] rcu: \tRCU restricting CPUs from NR_CPUS=8192 to nr_cpu_ids=1.
[    0.001000] \tRude variant of Tasks RCU enabled.
[    0.001000] \tTracing variant of Tasks RCU enabled.
[    0.001000] rcu: RCU calculated value of scheduler-enlistment delay is 100 jiffies.
[    0.001000] rcu: Adjusting geometry for rcu_fanout_leaf=16, nr_cpu_ids=1
[    0.001000] NR_IRQS: 524544, nr_irqs: 256, preallocated irqs: 16
[    0.001000] random: crng done (trusting CPU's manufacturer)
[    0.001000] Console: colour *CGA 80x25
[    0.001000] printk: console [ttyS0] enabled
[    0.001000] ACPI: Core revision 20210105
[    0.001000] APIC: Switch to symmetric I/O mode setup
[    0.001000] x2apic enabled
[    0.001000] Switched APIC routing to physical x2apic.
[    0.001000] kvm-guest: setup PV IPIs
[    0.001000] clocksource: tsc-early: mask: 0xffffffffffffffff max_cycles: 0x25683be93ac, max_idle_ns: 440795278046 ns
[    0.001000] Calibrating delay loop (skipped) preset value.. 5190.24 BogoMIPS (lpj=2595122)
[    0.001000] pid_max: default: 32768 minimum: 301
[    0.001000] LSM: Security Framework initializing
[    0.001000] Yama: becoming mindful.
[    0.001000] LSM support for eBPF active
[    0.001000] Dentry cache hash table entries: 524288 (order: 10, 4194304 bytes, vmalloc)
[    0.001000] Inode-cache hash table entries: 262144 (order: 9, 2097152 bytes, vmalloc)
[    0.001000] Mount-cache hash table entries: 8192 (order: 4, 65536 bytes, vmalloc)
[    0.001000] Mountpoint-cache hash table entries: 8192 (order: 4, 65536 bytes, vmalloc)
[    0.001000] Disabling memory control group subsystem
[    0.001000] x86/cpu: User Mode Instruction Prevention (UMIP) activated
[    0.001000] Last level iTLB entries: 4KB 512, 2MB 255, 4MB 127
[    0.001000] Last level dTLB entries: 4KB 512, 2MB 255, 4MB 127, 1GB 0
[    0.001000] FEATURE SPEC_CTRL Present
[    0.001000] FEATURE IBPB_SUPPORT Present
[    0.001000] Spectre V1 : Mitigation: usercopy/swapgs barriers and __user pointer sanitization
[    0.001000] Spectre V2 : Mitigation: Full AMD retpoline
[    0.001000] Spectre V2 : Spectre v2 / SpectreRSB mitigation: Filling RSB on context switch
[    0.001000] Spectre V2 : Enabling Restricted Speculation for firmware calls
[    0.001000] Spectre V2 : mitigation: Enabling conditional Indirect Branch Prediction Barrier
[    0.001000] Speculative Store Bypass: Mitigation: Speculative Store Bypass disabled via prctl and seccomp
[    0.001000] Freeing SMP alternatives memory: 32K
[    0.001000] smpboot: CPU0: AMD EPYC-Rome Processor (family: 0x17, model: 0x31, stepping: 0x0)
[    0.001158] Performance Events: Fam17h+ core perfctr, AMD PMU driver.
[    0.002016] ... version:                0
[    0.003009] ... bit width:              48
[    0.004009] ... generic registers:      6
[    0.005012] ... value mask:             0000ffffffffffff
[    0.006013] ... max period:             00007fffffffffff
[    0.007010] ... fixed-purpose events:   0
[    0.008009] ... event mask:             000000000000003f
[    0.009088] rcu: Hierarchical SRCU implementation.
[    0.010645] smp: Bringing up secondary CPUs ...
[    0.011012] smp: Brought up 1 node, 1 CPU
[    0.012010] smpboot: Max logical packages: 1
[    0.013013] smpboot: Total of 1 processors activated (5190.24 BogoMIPS)
[    0.016109] node 0 deferred pages initialised in 2ms
[    0.017878] devtmpfs: initialized
[    0.018061] x86/mm: Memory block size: 128MB
[    0.020344] clocksource: jiffies: mask: 0xffffffff max_cycles: 0xffffffff, max_idle_ns: 1911260446275000 ns
[    0.021018] futex hash table entries: 256 (order: 2, 16384 bytes, vmalloc)
[    0.022187] pinctrl core: initialized pinctrl subsystem
[    0.023735] NET: Registered protocol family 16
[    0.024239] DMA: preallocated 512 KiB GFP_KERNEL pool for atomic allocations
[    0.025046] DMA: preallocated 512 KiB GFP_KERNEL|GFP_DMA pool for atomic allocations
[    0.026061] DMA: preallocated 512 KiB GFP_KERNEL|GFP_DMA32 pool for atomic allocations
[    0.027031] audit: initializing netlink subsys (disabled)
[    0.028527] cpuidle: using governor menu
[    0.031739] audit: type=2000 audit(1644931288.155:1): state=initialized audit_enabled=0 res=1
[    0.032134] ACPI: bus type PCI registered
[    0.033009] acpiphp: ACPI Hot Plug PCI Controller Driver version: 0.5
[    0.034627] PCI: Using configuration type 1 for base access
[    0.035009] PCI: Using configuration type 1 for extended access
[    0.037299] HugeTLB registered 1.00 GiB page size, pre-allocated 0 pages
[    0.038015] HugeTLB registered 2.00 MiB page size, pre-allocated 0 pages
[    0.039126] cryptd: max_cpu_qlen set to 1000
[    0.040294] ACPI: Added _OSI(Module Device)
[    0.041016] ACPI: Added _OSI(Processor Device)
[    0.042016] ACPI: Added _OSI(3.0 _SCP Extensions)
[    0.043010] ACPI: Added _OSI(Processor Aggregator Device)
[    0.044013] ACPI: Added _OSI(Linux-Dell-Video)
[    0.045010] ACPI: Added _OSI(Linux-Lenovo-NV-HDMI-Audio)
[    0.046009] ACPI: Added _OSI(Linux-HPI-Hybrid-Graphics)
[    0.047587] ACPI: 1 ACPI AML tables successfully acquired and loaded
[    0.049140] ACPI: Interpreter enabled
[    0.050025] ACPI: (supports S0 S5)
[    0.051010] ACPI: Using IOAPIC for interrupt routing
[    0.052039] PCI: Using host bridge windows from ACPI; if necessary, use "pci=nocrs" and report a bug
[    0.053193] ACPI: Enabled 2 GPEs in block 00 to 0F
[    0.056732] ACPI: PCI Root Bridge [PCI0] (domain 0000 [bus 00-ff])
[    0.057015] acpi PNP0A03:00: _OSC: OS supports [ExtendedConfig ASPM ClockPM Segments MSI EDR HPX-Type3]
[    0.058556] acpiphp: Slot [2] registered
[    0.059075] acpiphp: Slot [3] registered
[    0.060108] acpiphp: Slot [4] registered
[    0.061073] acpiphp: Slot [5] registered
[    0.062085] acpiphp: Slot [6] registered
[    0.063151] acpiphp: Slot [7] registered
[    0.064123] acpiphp: Slot [8] registered
[    0.065065] acpiphp: Slot [9] registered
[    0.066155] acpiphp: Slot [10] registered
[    0.067061] acpiphp: Slot [11] registered
[    0.068059] acpiphp: Slot [12] registered
[    0.069107] acpiphp: Slot [13] registered
[    0.070078] acpiphp: Slot [14] registered
[    0.071057] acpiphp: Slot [15] registered
[    0.072148] acpiphp: Slot [16] registered
[    0.073067] acpiphp: Slot [17] registered
[    0.074055] acpiphp: Slot [18] registered
[    0.075054] acpiphp: Slot [19] registered
[    0.076054] acpiphp: Slot [20] registered
[    0.077054] acpiphp: Slot [21] registered
[    0.078109] acpiphp: Slot [22] registered
[    0.079059] acpiphp: Slot [23] registered
[    0.080056] acpiphp: Slot [24] registered
[    0.081053] acpiphp: Slot [25] registered
[    0.082054] acpiphp: Slot [26] registered
[    0.083056] acpiphp: Slot [27] registered
[    0.084122] acpiphp: Slot [28] registered
[    0.085068] acpiphp: Slot [29] registered
[    0.086053] acpiphp: Slot [30] registered
[    0.087054] acpiphp: Slot [31] registered
[    0.088053] PCI host bridge to bus 0000:00
[    0.089033] pci_bus 0000:00: root bus resource [io  0x0000-0x0cf7 window]
[    0.090010] pci_bus 0000:00: root bus resource [io  0x0d00-0xffff window]
[    0.091009] pci_bus 0000:00: root bus resource [mem 0x000a0000-0x000bffff window]
[    0.092011] pci_bus 0000:00: root bus resource [mem 0xc0000000-0xfebfffff window]
[    0.093010] pci_bus 0000:00: root bus resource [mem 0x140000000-0x1bfffffff window]
[    0.094012] pci_bus 0000:00: root bus resource [bus 00-ff]
[    0.095799] pci 0000:00:00.0: [8086:1237] type 00 class 0x060000
[    0.098606] pci 0000:00:01.0: [8086:7000] type 00 class 0x060100
[    0.102011] pci 0000:00:01.1: [8086:7010] type 00 class 0x010180
[    0.106178] pci 0000:00:01.1: reg 0x20: [io  0xc0c0-0xc0cf]
[    0.108431] pci 0000:00:01.1: legacy IDE quirk: reg 0x10: [io  0x01f0-0x01f7]
[    0.109013] pci 0000:00:01.1: legacy IDE quirk: reg 0x14: [io  0x03f6]
[    0.110010] pci 0000:00:01.1: legacy IDE quirk: reg 0x18: [io  0x0170-0x0177]
[    0.111009] pci 0000:00:01.1: legacy IDE quirk: reg 0x1c: [io  0x0376]
[    0.112916] pci 0000:00:01.3: [8086:7113] type 00 class 0x068000
[    0.115357] pci 0000:00:01.3: quirk: [io  0x0600-0x063f] claimed by PIIX4 ACPI
[    0.116045] pci 0000:00:01.3: quirk: [io  0x0700-0x070f] claimed by PIIX4 SMB
[    0.118380] pci 0000:00:02.0: [1af4:1005] type 00 class 0x00ff00
[    0.120011] pci 0000:00:02.0: reg 0x10: [io  0xc080-0xc09f]
[    0.124859] pci 0000:00:02.0: reg 0x20: [mem 0xfebf0000-0xfebf3fff 64bit pref]
[    0.129858] pci 0000:00:03.0: [1af4:1004] type 00 class 0x010000
[    0.131010] pci 0000:00:03.0: reg 0x10: [io  0xc000-0xc03f]
[    0.133010] pci 0000:00:03.0: reg 0x14: [mem 0xfebc0000-0xfebc0fff]
[    0.137013] pci 0000:00:03.0: reg 0x20: [mem 0xfebf4000-0xfebf7fff 64bit pref]
[    0.142923] pci 0000:00:04.0: [1af4:1003] type 00 class 0x078000
[    0.144015] pci 0000:00:04.0: reg 0x10: [io  0xc040-0xc07f]
[    0.145958] pci 0000:00:04.0: reg 0x14: [mem 0xfebc1000-0xfebc1fff]
[    0.148680] pci 0000:00:04.0: reg 0x20: [mem 0xfebf8000-0xfebfbfff 64bit pref]
[    0.153736] pci 0000:00:05.0: [1af4:1000] type 00 class 0x020000
[    0.155010] pci 0000:00:05.0: reg 0x10: [io  0xc0a0-0xc0bf]
[    0.156982] pci 0000:00:05.0: reg 0x14: [mem 0xfebc2000-0xfebc2fff]
[    0.160014] pci 0000:00:05.0: reg 0x20: [mem 0xfebfc000-0xfebfffff 64bit pref]
[    0.161974] pci 0000:00:05.0: reg 0x30: [mem 0xfeb80000-0xfebbffff pref]
[    0.166848] ACPI: PCI Interrupt Link [LNKA] (IRQs 5 *10 11)
[    0.167220] ACPI: PCI Interrupt Link [LNKB] (IRQs 5 *10 11)
[    0.168204] ACPI: PCI Interrupt Link [LNKC] (IRQs 5 10 *11)
[    0.169223] ACPI: PCI Interrupt Link [LNKD] (IRQs 5 10 *11)
[    0.170139] ACPI: PCI Interrupt Link [LNKS] (IRQs *9)
[    0.171553] iommu: Default domain type: Passthrough 
[    0.172042] vgaarb: loaded
[    0.173325] SCSI subsystem initialized
[    0.174073] usbcore: USB support disabled
[    0.175152] pps_core: LinuxPPS API ver. 1 registered
[    0.176009] pps_core: Software ver. 5.3.6 - Copyright 2005-2007 Rodolfo Giometti <giometti@linux.it>
[    0.177019] PTP clock support registered
[    0.178391] EDAC MC: Ver: 3.0.0
[    0.179927] PCI: Using ACPI for IRQ routing
[    0.180916] NetLabel: Initializing
[    0.181009] NetLabel:  domain hash size = 128
[    0.182009] NetLabel:  protocols = UNLABELED CIPSOv4 CALIPSO
[    0.183124] NetLabel:  unlabeled traffic allowed by default
[    0.184217] clocksource: Switched to clocksource kvm-clock
[    0.208656] VFS: Disk quotas dquot_6.6.0
[    0.210776] VFS: Dquot-cache hash table entries: 512 (order 0, 4096 bytes)
[    0.214495] pnp: PnP ACPI init
[    0.216431] pnp: PnP ACPI: found 5 devices
[    0.224846] clocksource: acpi_pm: mask: 0xffffff max_cycles: 0xffffff, max_idle_ns: 2085701024 ns
[    0.229384] pci_bus 0000:00: resource 4 [io  0x0000-0x0cf7 window]
[    0.232629] pci_bus 0000:00: resource 5 [io  0x0d00-0xffff window]
[    0.235839] pci_bus 0000:00: resource 6 [mem 0x000a0000-0x000bffff window]
[    0.239343] pci_bus 0000:00: resource 7 [mem 0xc0000000-0xfebfffff window]
[    0.242747] pci_bus 0000:00: resource 8 [mem 0x140000000-0x1bfffffff window]
[    0.246600] NET: Registered protocol family 2
[    0.253353] tcp_listen_portaddr_hash hash table entries: 2048 (order: 3, 32768 bytes, vmalloc)
[    0.257986] TCP established hash table entries: 32768 (order: 6, 262144 bytes, vmalloc)
[    0.264010] TCP bind hash table entries: 32768 (order: 7, 524288 bytes, vmalloc)
[    0.268407] TCP: Hash tables configured (established 32768 bind 32768)
[    0.272883] MPTCP token hash table entries: 4096 (order: 4, 98304 bytes, vmalloc)
[    0.277579] UDP hash table entries: 2048 (order: 4, 65536 bytes, vmalloc)
[    0.281750] UDP-Lite hash table entries: 2048 (order: 4, 65536 bytes, vmalloc)
[    0.286151] NET: Registered protocol family 1
[    0.288416] NET: Registered protocol family 44
[    0.290777] pci 0000:00:00.0: Limiting direct PCI/PCI transfers
[    0.293882] pci 0000:00:01.0: PIIX3: Enabling Passive Release
[    0.296980] pci 0000:00:01.0: Activating ISA DMA hang workarounds
[    0.300499] PCI: CLS 0 bytes, default 64
[    0.302676] Unpacking initramfs...
[    0.313526] Freeing initrd memory: 4604K
[    0.315764] PCI-DMA: Using software bounce buffering for IO (SWIOTLB)
[    0.319074] software IO TLB: mapped [mem 0x00000000bbb51000-0x00000000bfb51000] (64MB)
[    0.323453] clocksource: tsc: mask: 0xffffffffffffffff max_cycles: 0x25683be93ac, max_idle_ns: 440795278046 ns
[    0.328679] alg: self-tests disabled
[    0.334186] Initialise system trusted keyrings
[    0.336806] Key type blacklist registered
[    0.339664] workingset: timestamp_bits=36 max_order=20 bucket_order=0
[    0.347636] zbud: loaded
[    0.349351] pstore: using deflate compression
[    0.351701] Platform Keyring initialized
[    0.359598] NET: Registered protocol family 38
[    0.362082] Key type asymmetric registered
[    0.364303] Asymmetric key parser 'x509' registered
[    0.366700] Block layer SCSI generic (bsg) driver version 0.4 loaded (major 247)
[    0.370524] io scheduler mq-deadline registered
[    0.372781] io scheduler kyber registered
[    0.374816] io scheduler bfq registered
[    0.376810] atomic64_test: passed for x86-64 platform with CX8 and with SSE
[    0.380669] shpchp: Standard Hot Plug PCI Controller Driver version: 0.4
[    0.384271] input: Power Button as /devices/LNXSYSTM:00/LNXPWRBN:00/input/input0
[    0.387976] ACPI: Power Button [PWRF]
[    0.402981] PCI Interrupt Link [LNKB] enabled at IRQ 10
[    0.421974] PCI Interrupt Link [LNKC] enabled at IRQ 11
[    0.443487] PCI Interrupt Link [LNKD] enabled at IRQ 11
[    0.470888] PCI Interrupt Link [LNKA] enabled at IRQ 10
[    0.479457] Serial: 8250/16550 driver, 1 ports, IRQ sharing enabled
[    0.513194] 00:03: ttyS0 at I/O 0x3f8 (irq = 4, base_baud = 115200) is a 16550A
[    0.517182] Non-volatile memory driver v1.3
[    0.520659] rdac: device handler registered
[    0.522788] hp_sw: device handler registered
[    0.524967] emc: device handler registered
[    0.527117] alua: device handler registered
[    0.529497] libphy: Fixed MDIO Bus: probed
[    0.531674] usbserial: usb_serial_init - registering generic driver failed
[    0.535041] usbserial: usb_serial_init - returning with error -19
[    0.538067] i8042: PNP: PS/2 Controller [PNP0303:KBD,PNP0f13:MOU] at 0x60,0x64 irq 1,12
[    0.544233] serio: i8042 KBD port at 0x60,0x64 irq 1
[    0.546733] serio: i8042 AUX port at 0x60,0x64 irq 12
[    0.549458] mousedev: PS/2 mouse device common for all mice
[    0.552437] rtc_cmos 00:04: RTC can wake from S4
[    0.556522] input: AT Translated Set 2 keyboard as /devices/platform/i8042/serio0/input/input1
[    0.563912] input: VirtualPS/2 VMware VMMouse as /devices/platform/i8042/serio1/input/input4
[    0.568336] rtc_cmos 00:04: registered as rtc0
[    0.571369] rtc_cmos 00:04: alarms up to one day, y3k, 242 bytes nvram
[    0.576309] hid: raw HID events driver (C) Jiri Kosina
[    0.579859] drop_monitor: Initializing network drop monitor service
[    0.584021] Initializing XFRM netlink socket
[    0.587372] NET: Registered protocol family 10
[    0.591179] input: VirtualPS/2 VMware VMMouse as /devices/platform/i8042/serio1/input/input3
[    0.595863] Segment Routing with IPv6
[    0.597764] NET: Registered protocol family 17
[    0.600043] mpls_gso: MPLS GSO support
[    0.604447] AVX2 version of gcm_enc/dec engaged.
[    0.606861] AES CTR mode by8 optimization enabled
[    0.609781] registered taskstats version 1
[    0.611860] Loading compiled-in X.509 certificates
[    0.615141] Loaded X.509 cert 'Red Hat Enterprise Linux kernel signing key: a03078d939bb32851d33e19d90c8065c3862ced6'
[    0.621497] Loaded X.509 cert 'Red Hat Enterprise Linux Driver Update Program (key 3): bf57f3e87362bc7229d9f465321773dfd1f77a80'
[    0.627667] Loaded X.509 cert 'Red Hat Enterprise Linux kpatch signing key: 4d38fd864ebe18c5f0b72e3852e2014c3a676fc8'
[    0.632856] zswap: loaded using pool lzo/zbud
[    0.635291] page_owner is disabled
[    0.637201] Key type big_key registered
[    0.639206] Key type encrypted registered
[    0.641374] ima: No TPM chip found, activating TPM-bypass!
[    0.644539] ima: Allocated hash algorithm: sha256
[    0.646888] ima: No architecture policies found
[    0.649159] evm: Initialising EVM extended attributes:
[    0.651840] evm: security.selinux
[    0.653642] evm: security.ima
[    0.655150] evm: security.capability
[    0.656951] evm: HMAC attrs: 0x1
[    0.659538] rtc_cmos 00:04: setting system clock to 2022-02-15 13:21:29 UTC (1644931289)
[    0.663518] Unstable clock detected, switching default tracing clock to "global"
[    0.663518] If you want to keep using the local clock, then add:
[    0.663518]   "trace_clock=local"
[    0.663518] on the kernel command line
[    0.677875] Freeing unused decrypted memory: 2036K
[    0.680690] Freeing unused kernel memory: 2492K
[    0.683076] Write protecting the kernel read-only data: 22528k
[    0.686752] Freeing unused kernel memory: 2012K
[    0.689538] Freeing unused kernel memory: 320K
supermin: mounting /proc
supermin: ext2 mini initrd starting up: 5.2.1 glibc
supermin: cmdline: panic=1 console=ttyS0 edd=off udevtimeout=6000 udev.event-timeout=6000 no_timer_check printk.time=1 cgroup_disable=memory usbcore.nousb cryptomgr.notests tsc=reliable 8250.nr_uarts=1 root=UUID=c34e24df-039d-4671-adb2-ab357cf24d93 selinux=0 guestfs_verbose=1 guestfs_network=1 TERM=xterm guestfs_identifier=v2v
supermin: uptime: 0.70 0.00
supermin: mounting /sys
supermin: internal insmod crc32-pclmul.ko
supermin: internal insmod crc32c-intel.ko
supermin: internal insmod crct10dif-pclmul.ko
supermin: internal insmod crc32_generic.ko
supermin: internal insmod libnvdimm.ko
supermin: internal insmod nfit.ko
supermin: internal insmod libata.ko
supermin: internal insmod ata_piix.ko
[    0.745207] scsi host0: ata_piix
[    0.747350] scsi host1: ata_piix
[    0.749043] ata1: PATA max MWDMA2 cmd 0x1f0 ctl 0x3f6 bmdma 0xc0c0 irq 14
[    0.752322] ata2: PATA max MWDMA2 cmd 0x170 ctl 0x376 bmdma 0xc0c8 irq 15
supermin: internal insmod virtio_blk.ko
supermin: internal insmod virtio_console.ko
supermin: internal insmod failover.ko
supermin: internal insmod net_failover.ko
supermin: internal insmod virtio_net.ko
supermin: internal insmod nd_btt.ko
supermin: internal insmod nd_pmem.ko
supermin: internal insmod t10-pi.ko
supermin: internal insmod sd_mod.ko
supermin: internal insmod virtio_scsi.ko
[    0.985472] scsi host2: Virtio SCSI HBA
[    0.988035] scsi 2:0:0:0: Direct-Access     QEMU     QEMU HARDDISK    2.5+ PQ: 0 ANSI: 5
[    0.992651] scsi 2:0:1:0: Direct-Access     QEMU     QEMU HARDDISK    2.5+ PQ: 0 ANSI: 5
[    1.010454] sd 2:0:0:0: Power-on or device reset occurred
[    1.014320] sd 2:0:0:0: [sda] 25165824 512-byte logical blocks: (12.9 GB/12.0 GiB)
[    1.018258] sd 2:0:1:0: Power-on or device reset occurred
[    1.021312] sd 2:0:0:0: [sda] Write Protect is off
[    1.024101] sd 2:0:0:0: [sda] Write cache: enabled, read cache: enabled, doesn't support DPO or FUA
[    1.029741] sd 2:0:1:0: [sdb] 8388608 512-byte logical blocks: (4.29 GB/4.00 GiB)
[    1.034218] sd 2:0:1:0: [sdb] Write Protect is off
[    1.036724] sd 2:0:1:0: [sdb] Write cache: enabled, read cache: enabled, doesn't support DPO or FUA
[    1.041406]  sda: sda1 sda2
[    1.043709] sd 2:0:0:0: [sda] Attached SCSI disk
[    1.046413] sd 2:0:1:0: [sdb] Attached SCSI disk
supermin: internal insmod virtio_balloon.ko
supermin: internal insmod virtio_input.ko
supermin: internal insmod vdpa.ko
supermin: internal insmod virtio_vdpa.ko
supermin: internal insmod jbd2.ko
supermin: internal insmod mbcache.ko
supermin: internal insmod ext4.ko
supermin: internal insmod fuse.ko
[    1.092376] fuse: init (API version 7.33)
supermin: internal insmod virtiofs.ko
supermin: internal insmod crc-itu-t.ko
supermin: internal insmod crc7.ko
supermin: internal insmod crc8.ko
supermin: internal insmod libcrc32c.ko
supermin: picked 8:16 as root device
supermin: creating /dev/root as block special 8:16
supermin: mounting new root on /root
[    1.110633] EXT4-fs (sdb): mounting ext2 file system using the ext4 subsystem
[    1.116715] EXT4-fs (sdb): mounted filesystem without journal. Opts: 
supermin: deleting initramfs files
supermin: chroot
Starting /init script ...
+ [[ panic=1 console=ttyS0 edd=off udevtimeout=6000 udev.event-timeout=6000 no_timer_check printk.time=1 cgroup_disable=memory usbcore.nousb cryptomgr.notests tsc=reliable 8250.nr_uarts=1 root=UUID=c34e24df-039d-4671-adb2-ab357cf24d93 selinux=0 guestfs_verbose=1 guestfs_network=1 TERM=xterm guestfs_identifier=v2v == *guestfs_network=1* ]]
+ guestfs_network=1
+ [[ panic=1 console=ttyS0 edd=off udevtimeout=6000 udev.event-timeout=6000 no_timer_check printk.time=1 cgroup_disable=memory usbcore.nousb cryptomgr.notests tsc=reliable 8250.nr_uarts=1 root=UUID=c34e24df-039d-4671-adb2-ab357cf24d93 selinux=0 guestfs_verbose=1 guestfs_network=1 TERM=xterm guestfs_identifier=v2v == *guestfs_rescue=1* ]]
+ [[ panic=1 console=ttyS0 edd=off udevtimeout=6000 udev.event-timeout=6000 no_timer_check printk.time=1 cgroup_disable=memory usbcore.nousb cryptomgr.notests tsc=reliable 8250.nr_uarts=1 root=UUID=c34e24df-039d-4671-adb2-ab357cf24d93 selinux=0 guestfs_verbose=1 guestfs_network=1 TERM=xterm guestfs_identifier=v2v == *guestfs_noreboot=1* ]]
+ [[ panic=1 console=ttyS0 edd=off udevtimeout=6000 udev.event-timeout=6000 no_timer_check printk.time=1 cgroup_disable=memory usbcore.nousb cryptomgr.notests tsc=reliable 8250.nr_uarts=1 root=UUID=c34e24df-039d-4671-adb2-ab357cf24d93 selinux=0 guestfs_verbose=1 guestfs_network=1 TERM=xterm guestfs_identifier=v2v == *guestfs_boot_analysis=1* ]]
+ '[' '!' -d /sys ']'
+ mkdir -p /sys
+ mount -t sysfs /sys /sys
+ mkdir -p /run
+ mount -t tmpfs -o nosuid,size=20%,mode=0755 tmpfs /run
+ mkdir -p /run/lock
+ ln -s ../run/lock /var/lock
+ test -e /etc/mtab
+ ln -s /proc/mounts /etc/mtab
+ mount -t devtmpfs /dev /dev
+ mkdir -p /dev/pts
+ mount -t devpts /dev/pts /dev/pts
+ mkdir -p /dev/shm
+ mount -t tmpfs -o mode=1777 shmfs /dev/shm
+ [[ panic=1 console=ttyS0 edd=off udevtimeout=6000 udev.event-timeout=6000 no_timer_check printk.time=1 cgroup_disable=memory usbcore.nousb cryptomgr.notests tsc=reliable 8250.nr_uarts=1 root=UUID=c34e24df-039d-4671-adb2-ab357cf24d93 selinux=0 guestfs_verbose=1 guestfs_network=1 TERM=xterm guestfs_identifier=v2v == *selinux=1* ]]
+ mkdir -p /run/tmpfiles.d
+ kmod static-nodes --format=tmpfiles --output=/run/tmpfiles.d/kmod.conf
++ od -x -A n
++ dd if=/dev/urandom bs=16 count=1 status=none
+ machine_id=' 4215 b77e 831b 6c69 4bef bdfb f62f 62e8'
+ echo 4215b77e831b6c694befbdfbf62f62e8
+ systemd-tmpfiles --prefix=/dev --prefix=/run --prefix=/var/run --create --boot
[/usr/lib/tmpfiles.d/systemd.conf:11] Unknown group 'utmp'.
[/usr/lib/tmpfiles.d/systemd.conf:22] Unknown group 'systemd-journal'.
[/usr/lib/tmpfiles.d/systemd.conf:23] Unknown group 'systemd-journal'.
+ for f in /lib/systemd/systemd-udevd /usr/lib/systemd/systemd-udevd /sbin/udevd /lib/udev/udevd /usr/lib/udev/udevd
+ '[' -x /lib/systemd/systemd-udevd ']'
+ UDEVD=/lib/systemd/systemd-udevd
+ break
+ '[' -z /lib/systemd/systemd-udevd ']'
+ /lib/systemd/systemd-udevd --daemon
starting version 239 (239-51.el8_5.2)
+ udevadm trigger
+ udevadm settle --timeout=600
[    1.473132] sd 2:0:0:0: Attached scsi generic sg0 type 0
[    1.476588] sd 2:0:1:0: Attached scsi generic sg1 type 0
+ shopt -s nullglob
+ for f in /sys/block/sd*/device/timeout
+ echo 300
+ for f in /sys/block/sd*/device/timeout
+ echo 300
+ for f in /sys/block/{h,s,ub,v}d*/queue/scheduler
+ echo noop
/init: line 116: echo: write error: Invalid argument
+ for f in /sys/block/{h,s,ub,v}d*/queue/scheduler
+ echo noop
/init: line 116: echo: write error: Invalid argument
+ shopt -u nullglob
+ ip addr add 127.0.0.1/8 brd + dev lo scope host
+ ip link set dev lo up
+ test 1 = 1
++ ls -I all -I default -I lo /proc/sys/net/ipv4/conf
+ iface=eth0
+ touch /etc/fstab
+ rm -f /etc/dhcp/dhclient-enter-hooks.d/resolved
+ dhclient --version
+ dhclient eth0
[    1.691808] IPv6: ADDRCONF(NETDEV_UP): eth0: link is not ready
[    2.016147] IPv6: ADDRCONF(NETDEV_CHANGE): eth0: link becomes ready
+ mdadm -As --auto=yes --no-degraded
mdadm: No arrays found in config file or automatically
+ mkdir -p /tmp/lvm
+ touch /tmp/lvm/lvm.conf
+ LVM_SYSTEM_DIR=/tmp/lvm
+ export LVM_SYSTEM_DIR
+ lvmetad
/init: line 144: lvmetad: command not found
+ modprobe dm_mod
[    3.766202] device-mapper: uevent: version 1.0.3
[    3.769695] device-mapper: ioctl: 4.43.0-ioctl (2020-10-01) initialised: dm-devel@redhat.com
+ lvm pvscan --cache --activate ay
  pvscan[325] PV /dev/sda2 online, VG vg_rhev-orange-03 is complete.
  pvscan[325] VG vg_rhev-orange-03 run autoactivation.
  2 logical volume(s) in volume group "vg_rhev-orange-03" now active
+ mdadm -As --auto=yes --run
mdadm: No arrays found in config file or automatically
+ ldmtool create all
/init: line 154: ldmtool: command not found
+ test 1 = 1
+ test '' '!=' 1
+ uname -a
Linux (none) 4.18.0-348.12.2.el8_5.x86_64 #1 SMP Mon Jan 17 07:06:06 EST 2022 x86_64 x86_64 x86_64 GNU/Linux
+ ls -lR /dev
/dev:
total 0
crw-r--r-- 1 root root  10, 235 Feb 15 13:21 autofs
drwxr-xr-x 2 root root      160 Feb 15 13:21 block
drwxr-xr-x 2 root root       80 Feb 15 13:21 bsg
drwxr-xr-x 2 root root     2180 Feb 15 13:21 char
crw------- 1 root root   5,   1 Feb 15 13:21 console
lrwxrwxrwx 1 root root       11 Feb 15 13:21 core -> /proc/kcore
drwxr-xr-x 3 root root       60 Feb 15 13:21 cpu
crw------- 1 root root  10,  62 Feb 15 13:21 cpu_dma_latency
drwxr-xr-x 6 root root      120 Feb 15 13:21 disk
brw-rw---- 1 root disk 252,   0 Feb 15 13:21 dm-0
brw-rw---- 1 root disk 252,   1 Feb 15 13:21 dm-1
lrwxrwxrwx 1 root root       13 Feb 15 13:21 fd -> /proc/self/fd
crw-rw-rw- 1 root root   1,   7 Feb 15 13:21 full
crw-rw-rw- 1 root root  10, 229 Feb 15 13:21 fuse
crw------- 1 root root  10, 228 Feb 15 13:21 hpet
crw------- 1 root root  10, 183 Feb 15 13:21 hwrng
drwxr-xr-x 3 root root      200 Feb 15 13:21 input
crw-r--r-- 1 root root   1,  11 Feb 15 13:21 kmsg
crw-rw---- 1 root disk  10, 237 Feb 15 13:21 loop-control
drwxr-xr-x 2 root root      100 Feb 15 13:21 mapper
crw------- 1 root root  10, 227 Feb 15 13:21 mcelog
crw------- 1 root root   1,   1 Feb 15 13:21 mem
drwxr-xr-x 2 root root       60 Feb 15 13:21 net
crw-rw-rw- 1 root root   1,   3 Feb 15 13:21 null
crw------- 1 root root  10, 144 Feb 15 13:21 nvram
crw------- 1 root root   1,   4 Feb 15 13:21 port
crw-rw-rw- 1 root root   5,   2 Feb 15 13:21 ptmx
drwxr-xr-x 2 root root        0 Feb 15 13:21 pts
crw-rw-rw- 1 root root   1,   8 Feb 15 13:21 random
drwxr-xr-x 2 root root       60 Feb 15 13:21 raw
lrwxrwxrwx 1 root root        4 Feb 15 13:21 rtc -> rtc0
crw------- 1 root root 251,   0 Feb 15 13:21 rtc0
brw------- 1 root root   8,   0 Feb 15 13:21 sda
brw------- 1 root root   8,   1 Feb 15 13:21 sda1
brw------- 1 root root   8,   2 Feb 15 13:21 sda2
brw------- 1 root root   8,  16 Feb 15 13:21 sdb
crw-rw---- 1 root disk  21,   0 Feb 15 13:21 sg0
crw-rw---- 1 root disk  21,   1 Feb 15 13:21 sg1
drwxrwxrwt 2 root root       40 Feb 15 13:21 shm
crw------- 1 root root  10, 231 Feb 15 13:21 snapshot
lrwxrwxrwx 1 root root       15 Feb 15 13:21 stderr -> /proc/self/fd/2
lrwxrwxrwx 1 root root       15 Feb 15 13:21 stdin -> /proc/self/fd/0
lrwxrwxrwx 1 root root       15 Feb 15 13:21 stdout -> /proc/self/fd/1
crw-rw-rw- 1 root root   5,   0 Feb 15 13:21 tty
crw------- 1 root root   4,   0 Feb 15 13:21 tty0
crw------- 1 root root   4,   1 Feb 15 13:21 tty1
crw------- 1 root root   4,  10 Feb 15 13:21 tty10
crw------- 1 root root   4,  11 Feb 15 13:21 tty11
crw------- 1 root root   4,  12 Feb 15 13:21 tty12
crw------- 1 root root   4,  13 Feb 15 13:21 tty13
crw------- 1 root root   4,  14 Feb 15 13:21 tty14
crw------- 1 root root   4,  15 Feb 15 13:21 tty15
crw------- 1 root root   4,  16 Feb 15 13:21 tty16
crw------- 1 root root   4,  17 Feb 15 13:21 tty17
crw------- 1 root root   4,  18 Feb 15 13:21 tty18
crw------- 1 root root   4,  19 Feb 15 13:21 tty19
crw------- 1 root root   4,   2 Feb 15 13:21 tty2
crw------- 1 root root   4,  20 Feb 15 13:21 tty20
crw------- 1 root root   4,  21 Feb 15 13:21 tty21
crw------- 1 root root   4,  22 Feb 15 13:21 tty22
crw------- 1 root root   4,  23 Feb 15 13:21 tty23
crw------- 1 root root   4,  24 Feb 15 13:21 tty24
crw------- 1 root root   4,  25 Feb 15 13:21 tty25
crw------- 1 root root   4,  26 Feb 15 13:21 tty26
crw------- 1 root root   4,  27 Feb 15 13:21 tty27
crw------- 1 root root   4,  28 Feb 15 13:21 tty28
crw------- 1 root root   4,  29 Feb 15 13:21 tty29
crw------- 1 root root   4,   3 Feb 15 13:21 tty3
crw------- 1 root root   4,  30 Feb 15 13:21 tty30
crw------- 1 root root   4,  31 Feb 15 13:21 tty31
crw------- 1 root root   4,  32 Feb 15 13:21 tty32
crw------- 1 root root   4,  33 Feb 15 13:21 tty33
crw------- 1 root root   4,  34 Feb 15 13:21 tty34
crw------- 1 root root   4,  35 Feb 15 13:21 tty35
crw------- 1 root root   4,  36 Feb 15 13:21 tty36
crw------- 1 root root   4,  37 Feb 15 13:21 tty37
crw------- 1 root root   4,  38 Feb 15 13:21 tty38
crw------- 1 root root   4,  39 Feb 15 13:21 tty39
crw------- 1 root root   4,   4 Feb 15 13:21 tty4
crw------- 1 root root   4,  40 Feb 15 13:21 tty40
crw------- 1 root root   4,  41 Feb 15 13:21 tty41
crw------- 1 root root   4,  42 Feb 15 13:21 tty42
crw------- 1 root root   4,  43 Feb 15 13:21 tty43
crw------- 1 root root   4,  44 Feb 15 13:21 tty44
crw------- 1 root root   4,  45 Feb 15 13:21 tty45
crw------- 1 root root   4,  46 Feb 15 13:21 tty46
crw------- 1 root root   4,  47 Feb 15 13:21 tty47
crw------- 1 root root   4,  48 Feb 15 13:21 tty48
crw------- 1 root root   4,  49 Feb 15 13:21 tty49
crw------- 1 root root   4,   5 Feb 15 13:21 tty5
crw------- 1 root root   4,  50 Feb 15 13:21 tty50
crw------- 1 root root   4,  51 Feb 15 13:21 tty51
crw------- 1 root root   4,  52 Feb 15 13:21 tty52
crw------- 1 root root   4,  53 Feb 15 13:21 tty53
crw------- 1 root root   4,  54 Feb 15 13:21 tty54
crw------- 1 root root   4,  55 Feb 15 13:21 tty55
crw------- 1 root root   4,  56 Feb 15 13:21 tty56
crw------- 1 root root   4,  57 Feb 15 13:21 tty57
crw------- 1 root root   4,  58 Feb 15 13:21 tty58
crw------- 1 root root   4,  59 Feb 15 13:21 tty59
crw------- 1 root root   4,   6 Feb 15 13:21 tty6
crw------- 1 root root   4,  60 Feb 15 13:21 tty60
crw------- 1 root root   4,  61 Feb 15 13:21 tty61
crw------- 1 root root   4,  62 Feb 15 13:21 tty62
crw------- 1 root root   4,  63 Feb 15 13:21 tty63
crw------- 1 root root   4,   7 Feb 15 13:21 tty7
crw------- 1 root root   4,   8 Feb 15 13:21 tty8
crw------- 1 root root   4,   9 Feb 15 13:21 tty9
crw------- 1 root root   4,  64 Feb 15 13:21 ttyS0
crw------- 1 root root  10, 239 Feb 15 13:21 uhid
crw------- 1 root root  10, 223 Feb 15 13:21 uinput
crw-rw-rw- 1 root root   1,   9 Feb 15 13:21 urandom
crw------- 1 root root 246,   0 Feb 15 13:21 usbmon0
crw------- 1 root root   7,   0 Feb 15 13:21 vcs
crw------- 1 root root   7,   1 Feb 15 13:21 vcs1
crw------- 1 root root   7, 128 Feb 15 13:21 vcsa
crw------- 1 root root   7, 129 Feb 15 13:21 vcsa1
drwxr-xr-x 2 root root       60 Feb 15 13:21 vfio
drwxr-xr-x 2 root root       80 Feb 15 13:21 vg_rhev-orange-03
crw------- 1 root root  10,  63 Feb 15 13:21 vga_arbiter
crw------- 1 root root  10, 238 Feb 15 13:21 vhost-net
crw------- 1 root root  10, 241 Feb 15 13:21 vhost-vsock
drwxr-xr-x 2 root root       60 Feb 15 13:21 virtio-ports
crw------- 1 root root 242,   1 Feb 15 13:21 vport2p1
crw-rw-rw- 1 root root   1,   5 Feb 15 13:21 zero

/dev/block:
total 0
lrwxrwxrwx 1 root root 7 Feb 15 13:21 252:0 -> ../dm-0
lrwxrwxrwx 1 root root 7 Feb 15 13:21 252:1 -> ../dm-1
lrwxrwxrwx 1 root root 6 Feb 15 13:21 8:0 -> ../sda
lrwxrwxrwx 1 root root 7 Feb 15 13:21 8:1 -> ../sda1
lrwxrwxrwx 1 root root 6 Feb 15 13:21 8:16 -> ../sdb
lrwxrwxrwx 1 root root 7 Feb 15 13:21 8:2 -> ../sda2

/dev/bsg:
total 0
crw------- 1 root root 247, 0 Feb 15 13:21 2:0:0:0
crw------- 1 root root 247, 1 Feb 15 13:21 2:0:1:0

/dev/char:
total 0
lrwxrwxrwx 1 root root  8 Feb 15 13:21 10:144 -> ../nvram
lrwxrwxrwx 1 root root  8 Feb 15 13:21 10:183 -> ../hwrng
lrwxrwxrwx 1 root root  9 Feb 15 13:21 10:227 -> ../mcelog
lrwxrwxrwx 1 root root  7 Feb 15 13:21 10:228 -> ../hpet
lrwxrwxrwx 1 root root  7 Feb 15 13:21 10:229 -> ../fuse
lrwxrwxrwx 1 root root 11 Feb 15 13:21 10:231 -> ../snapshot
lrwxrwxrwx 1 root root  9 Feb 15 13:21 10:235 -> ../autofs
lrwxrwxrwx 1 root root 17 Feb 15 13:21 10:236 -> ../mapper/control
lrwxrwxrwx 1 root root 18 Feb 15 13:21 10:62 -> ../cpu_dma_latency
lrwxrwxrwx 1 root root 14 Feb 15 13:21 10:63 -> ../vga_arbiter
lrwxrwxrwx 1 root root 15 Feb 15 13:21 13:32 -> ../input/mouse0
lrwxrwxrwx 1 root root 15 Feb 15 13:21 13:33 -> ../input/mouse1
lrwxrwxrwx 1 root root 13 Feb 15 13:21 13:63 -> ../input/mice
lrwxrwxrwx 1 root root 15 Feb 15 13:21 13:64 -> ../input/event0
lrwxrwxrwx 1 root root 15 Feb 15 13:21 13:65 -> ../input/event1
lrwxrwxrwx 1 root root 15 Feb 15 13:21 13:66 -> ../input/event2
lrwxrwxrwx 1 root root 15 Feb 15 13:21 13:67 -> ../input/event3
lrwxrwxrwx 1 root root 13 Feb 15 13:21 162:0 -> ../raw/rawctl
lrwxrwxrwx 1 root root  6 Feb 15 13:21 1:1 -> ../mem
lrwxrwxrwx 1 root root  7 Feb 15 13:21 1:11 -> ../kmsg
lrwxrwxrwx 1 root root  7 Feb 15 13:21 1:3 -> ../null
lrwxrwxrwx 1 root root  7 Feb 15 13:21 1:4 -> ../port
lrwxrwxrwx 1 root root  7 Feb 15 13:21 1:5 -> ../zero
lrwxrwxrwx 1 root root  7 Feb 15 13:21 1:7 -> ../full
lrwxrwxrwx 1 root root  9 Feb 15 13:21 1:8 -> ../random
lrwxrwxrwx 1 root root 10 Feb 15 13:21 1:9 -> ../urandom
lrwxrwxrwx 1 root root 12 Feb 15 13:21 202:0 -> ../cpu/0/msr
lrwxrwxrwx 1 root root 14 Feb 15 13:21 203:0 -> ../cpu/0/cpuid
lrwxrwxrwx 1 root root  6 Feb 15 13:21 21:0 -> ../sg0
lrwxrwxrwx 1 root root  6 Feb 15 13:21 21:1 -> ../sg1
lrwxrwxrwx 1 root root 11 Feb 15 13:21 242:1 -> ../vport2p1
lrwxrwxrwx 1 root root 10 Feb 15 13:21 246:0 -> ../usbmon0
lrwxrwxrwx 1 root root 14 Feb 15 13:21 247:0 -> ../bsg/2:0:0:0
lrwxrwxrwx 1 root root 14 Feb 15 13:21 247:1 -> ../bsg/2:0:1:0
lrwxrwxrwx 1 root root  7 Feb 15 13:21 251:0 -> ../rtc0
lrwxrwxrwx 1 root root  7 Feb 15 13:21 4:0 -> ../tty0
lrwxrwxrwx 1 root root  7 Feb 15 13:21 4:1 -> ../tty1
lrwxrwxrwx 1 root root  8 Feb 15 13:21 4:10 -> ../tty10
lrwxrwxrwx 1 root root  8 Feb 15 13:21 4:11 -> ../tty11
lrwxrwxrwx 1 root root  8 Feb 15 13:21 4:12 -> ../tty12
lrwxrwxrwx 1 root root  8 Feb 15 13:21 4:13 -> ../tty13
lrwxrwxrwx 1 root root  8 Feb 15 13:21 4:14 -> ../tty14
lrwxrwxrwx 1 root root  8 Feb 15 13:21 4:15 -> ../tty15
lrwxrwxrwx 1 root root  8 Feb 15 13:21 4:16 -> ../tty16
lrwxrwxrwx 1 root root  8 Feb 15 13:21 4:17 -> ../tty17
lrwxrwxrwx 1 root root  8 Feb 15 13:21 4:18 -> ../tty18
lrwxrwxrwx 1 root root  8 Feb 15 13:21 4:19 -> ../tty19
lrwxrwxrwx 1 root root  7 Feb 15 13:21 4:2 -> ../tty2
lrwxrwxrwx 1 root root  8 Feb 15 13:21 4:20 -> ../tty20
lrwxrwxrwx 1 root root  8 Feb 15 13:21 4:21 -> ../tty21
lrwxrwxrwx 1 root root  8 Feb 15 13:21 4:22 -> ../tty22
lrwxrwxrwx 1 root root  8 Feb 15 13:21 4:23 -> ../tty23
lrwxrwxrwx 1 root root  8 Feb 15 13:21 4:24 -> ../tty24
lrwxrwxrwx 1 root root  8 Feb 15 13:21 4:25 -> ../tty25
lrwxrwxrwx 1 root root  8 Feb 15 13:21 4:26 -> ../tty26
lrwxrwxrwx 1 root root  8 Feb 15 13:21 4:27 -> ../tty27
lrwxrwxrwx 1 root root  8 Feb 15 13:21 4:28 -> ../tty28
lrwxrwxrwx 1 root root  8 Feb 15 13:21 4:29 -> ../tty29
lrwxrwxrwx 1 root root  7 Feb 15 13:21 4:3 -> ../tty3
lrwxrwxrwx 1 root root  8 Feb 15 13:21 4:30 -> ../tty30
lrwxrwxrwx 1 root root  8 Feb 15 13:21 4:31 -> ../tty31
lrwxrwxrwx 1 root root  8 Feb 15 13:21 4:32 -> ../tty32
lrwxrwxrwx 1 root root  8 Feb 15 13:21 4:33 -> ../tty33
lrwxrwxrwx 1 root root  8 Feb 15 13:21 4:34 -> ../tty34
lrwxrwxrwx 1 root root  8 Feb 15 13:21 4:35 -> ../tty35
lrwxrwxrwx 1 root root  8 Feb 15 13:21 4:36 -> ../tty36
lrwxrwxrwx 1 root root  8 Feb 15 13:21 4:37 -> ../tty37
lrwxrwxrwx 1 root root  8 Feb 15 13:21 4:38 -> ../tty38
lrwxrwxrwx 1 root root  8 Feb 15 13:21 4:39 -> ../tty39
lrwxrwxrwx 1 root root  7 Feb 15 13:21 4:4 -> ../tty4
lrwxrwxrwx 1 root root  8 Feb 15 13:21 4:40 -> ../tty40
lrwxrwxrwx 1 root root  8 Feb 15 13:21 4:41 -> ../tty41
lrwxrwxrwx 1 root root  8 Feb 15 13:21 4:42 -> ../tty42
lrwxrwxrwx 1 root root  8 Feb 15 13:21 4:43 -> ../tty43
lrwxrwxrwx 1 root root  8 Feb 15 13:21 4:44 -> ../tty44
lrwxrwxrwx 1 root root  8 Feb 15 13:21 4:45 -> ../tty45
lrwxrwxrwx 1 root root  8 Feb 15 13:21 4:46 -> ../tty46
lrwxrwxrwx 1 root root  8 Feb 15 13:21 4:47 -> ../tty47
lrwxrwxrwx 1 root root  8 Feb 15 13:21 4:48 -> ../tty48
lrwxrwxrwx 1 root root  8 Feb 15 13:21 4:49 -> ../tty49
lrwxrwxrwx 1 root root  7 Feb 15 13:21 4:5 -> ../tty5
lrwxrwxrwx 1 root root  8 Feb 15 13:21 4:50 -> ../tty50
lrwxrwxrwx 1 root root  8 Feb 15 13:21 4:51 -> ../tty51
lrwxrwxrwx 1 root root  8 Feb 15 13:21 4:52 -> ../tty52
lrwxrwxrwx 1 root root  8 Feb 15 13:21 4:53 -> ../tty53
lrwxrwxrwx 1 root root  8 Feb 15 13:21 4:54 -> ../tty54
lrwxrwxrwx 1 root root  8 Feb 15 13:21 4:55 -> ../tty55
lrwxrwxrwx 1 root root  8 Feb 15 13:21 4:56 -> ../tty56
lrwxrwxrwx 1 root root  8 Feb 15 13:21 4:57 -> ../tty57
lrwxrwxrwx 1 root root  8 Feb 15 13:21 4:58 -> ../tty58
lrwxrwxrwx 1 root root  8 Feb 15 13:21 4:59 -> ../tty59
lrwxrwxrwx 1 root root  7 Feb 15 13:21 4:6 -> ../tty6
lrwxrwxrwx 1 root root  8 Feb 15 13:21 4:60 -> ../tty60
lrwxrwxrwx 1 root root  8 Feb 15 13:21 4:61 -> ../tty61
lrwxrwxrwx 1 root root  8 Feb 15 13:21 4:62 -> ../tty62
lrwxrwxrwx 1 root root  8 Feb 15 13:21 4:63 -> ../tty63
lrwxrwxrwx 1 root root  8 Feb 15 13:21 4:64 -> ../ttyS0
lrwxrwxrwx 1 root root  7 Feb 15 13:21 4:7 -> ../tty7
lrwxrwxrwx 1 root root  7 Feb 15 13:21 4:8 -> ../tty8
lrwxrwxrwx 1 root root  7 Feb 15 13:21 4:9 -> ../tty9
lrwxrwxrwx 1 root root  6 Feb 15 13:21 5:0 -> ../tty
lrwxrwxrwx 1 root root 10 Feb 15 13:21 5:1 -> ../console
lrwxrwxrwx 1 root root  7 Feb 15 13:21 5:2 -> ../ptmx
lrwxrwxrwx 1 root root  6 Feb 15 13:21 7:0 -> ../vcs
lrwxrwxrwx 1 root root  7 Feb 15 13:21 7:1 -> ../vcs1
lrwxrwxrwx 1 root root  7 Feb 15 13:21 7:128 -> ../vcsa
lrwxrwxrwx 1 root root  8 Feb 15 13:21 7:129 -> ../vcsa1

/dev/cpu:
total 0
drwxr-xr-x 2 root root 80 Feb 15 13:21 0

/dev/cpu/0:
total 0
crw------- 1 root root 203, 0 Feb 15 13:21 cpuid
crw------- 1 root root 202, 0 Feb 15 13:21 msr

/dev/disk:
total 0
drwxr-xr-x 2 root root 220 Feb 15 13:21 by-id
drwxr-xr-x 2 root root  80 Feb 15 13:21 by-partuuid
drwxr-xr-x 2 root root 120 Feb 15 13:21 by-path
drwxr-xr-x 2 root root 120 Feb 15 13:21 by-uuid

/dev/disk/by-id:
total 0
lrwxrwxrwx 1 root root 10 Feb 15 13:21 dm-name-vg_rhev--orange--03-lv_root -> ../../dm-1
lrwxrwxrwx 1 root root 10 Feb 15 13:21 dm-name-vg_rhev--orange--03-lv_swap -> ../../dm-0
lrwxrwxrwx 1 root root 10 Feb 15 13:21 dm-uuid-LVM-UOslriCF4Yyw0ccfjsSQur7o3Neg30P43C0kNYssIO2gl5yV02A8WpxcofULx2k3 -> ../../dm-0
lrwxrwxrwx 1 root root 10 Feb 15 13:21 dm-uuid-LVM-UOslriCF4Yyw0ccfjsSQur7o3Neg30P4yFZfLthHKBiT3MXIeEnsy5u4cXg9s8ax -> ../../dm-1
lrwxrwxrwx 1 root root 10 Feb 15 13:21 lvm-pv-uuid-YuI8lv-efG9-lISt-h6hD-NMlP-7Uwn-P01XbP -> ../../sda2
lrwxrwxrwx 1 root root  9 Feb 15 13:21 scsi-0QEMU_QEMU_HARDDISK_appliance -> ../../sdb
lrwxrwxrwx 1 root root  9 Feb 15 13:21 scsi-0QEMU_QEMU_HARDDISK_hd0 -> ../../sda
lrwxrwxrwx 1 root root 10 Feb 15 13:21 scsi-0QEMU_QEMU_HARDDISK_hd0-part1 -> ../../sda1
lrwxrwxrwx 1 root root 10 Feb 15 13:21 scsi-0QEMU_QEMU_HARDDISK_hd0-part2 -> ../../sda2

/dev/disk/by-partuuid:
total 0
lrwxrwxrwx 1 root root 10 Feb 15 13:21 f15a8b5f-01 -> ../../sda1
lrwxrwxrwx 1 root root 10 Feb 15 13:21 f15a8b5f-02 -> ../../sda2

/dev/disk/by-path:
total 0
lrwxrwxrwx 1 root root  9 Feb 15 13:21 pci-0000:00:03.0-scsi-0:0:0:0 -> ../../sda
lrwxrwxrwx 1 root root 10 Feb 15 13:21 pci-0000:00:03.0-scsi-0:0:0:0-part1 -> ../../sda1
lrwxrwxrwx 1 root root 10 Feb 15 13:21 pci-0000:00:03.0-scsi-0:0:0:0-part2 -> ../../sda2
lrwxrwxrwx 1 root root  9 Feb 15 13:21 pci-0000:00:03.0-scsi-0:0:1:0 -> ../../sdb

/dev/disk/by-uuid:
total 0
lrwxrwxrwx 1 root root 10 Feb 15 13:21 12985307-f545-4792-a1aa-e5cf13383d79 -> ../../dm-1
lrwxrwxrwx 1 root root 10 Feb 15 13:21 bb71b03e-0a2e-4efb-a461-ce470b17ab75 -> ../../sda1
lrwxrwxrwx 1 root root  9 Feb 15 13:21 c34e24df-039d-4671-adb2-ab357cf24d93 -> ../../sdb
lrwxrwxrwx 1 root root 10 Feb 15 13:21 e0c4682f-140f-48e6-9e68-87cc419ebe6b -> ../../dm-0

/dev/input:
total 0
drwxr-xr-x 2 root root    100 Feb 15 13:21 by-path
crw------- 1 root root 13, 64 Feb 15 13:21 event0
crw------- 1 root root 13, 65 Feb 15 13:21 event1
crw------- 1 root root 13, 66 Feb 15 13:21 event2
crw------- 1 root root 13, 67 Feb 15 13:21 event3
crw------- 1 root root 13, 63 Feb 15 13:21 mice
crw------- 1 root root 13, 32 Feb 15 13:21 mouse0
crw------- 1 root root 13, 33 Feb 15 13:21 mouse1

/dev/input/by-path:
total 0
lrwxrwxrwx 1 root root 9 Feb 15 13:21 platform-i8042-serio-0-event-kbd -> ../event1
lrwxrwxrwx 1 root root 9 Feb 15 13:21 platform-i8042-serio-1-event-mouse -> ../event2
lrwxrwxrwx 1 root root 9 Feb 15 13:21 platform-i8042-serio-1-mouse -> ../mouse0

/dev/mapper:
total 0
crw------- 1 root root 10, 236 Feb 15 13:21 control
lrwxrwxrwx 1 root root       7 Feb 15 13:21 vg_rhev--orange--03-lv_root -> ../dm-1
lrwxrwxrwx 1 root root       7 Feb 15 13:21 vg_rhev--orange--03-lv_swap -> ../dm-0

/dev/net:
total 0
crw-rw-rw- 1 root root 10, 200 Feb 15 13:21 tun

/dev/pts:
total 0
c--------- 1 root root 5, 2 Feb 15 13:21 ptmx

/dev/raw:
total 0
crw------- 1 root root 162, 0 Feb 15 13:21 rawctl

/dev/shm:
total 0

/dev/vfio:
total 0
crw------- 1 root root 10, 196 Feb 15 13:21 vfio

/dev/vg_rhev-orange-03:
total 0
lrwxrwxrwx 1 root root 7 Feb 15 13:21 lv_root -> ../dm-1
lrwxrwxrwx 1 root root 7 Feb 15 13:21 lv_swap -> ../dm-0

/dev/virtio-ports:
total 0
lrwxrwxrwx 1 root root 11 Feb 15 13:21 org.libguestfs.channel.0 -> ../vport2p1
+ cat /proc/mounts
/dev/root / ext2 rw,noatime 0 0
/proc /proc proc rw,relatime 0 0
/sys /sys sysfs rw,relatime 0 0
tmpfs /run tmpfs rw,nosuid,relatime,size=701384k,mode=755 0 0
/dev /dev devtmpfs rw,relatime,size=1747724k,nr_inodes=436931,mode=755 0 0
/dev/pts /dev/pts devpts rw,relatime,mode=600,ptmxmode=000 0 0
shmfs /dev/shm tmpfs rw,relatime 0 0
+ cat /proc/mdstat
Personalities : 
unused devices: <none>
+ lvm config
+ lvm pvs
  PV         VG                Fmt  Attr PSize   PFree
  /dev/sda2  vg_rhev-orange-03 lvm2 a--  <11.50g    0 
+ lvm vgs
  VG                #PV #LV #SN Attr   VSize   VFree
  vg_rhev-orange-03   1   2   0 wz--n- <11.50g    0 
+ lvm lvs
  LV      VG                Attr       LSize  Pool Origin Data%  Meta%  Move Log Cpy%Sync Convert
  lv_root vg_rhev-orange-03 -wi-a----- <3.50g                                                    
  lv_swap vg_rhev-orange-03 -wi-a-----  8.00g                                                    
+ ip a
1: lo: <LOOPBACK,UP,LOWER_UP> mtu 65536 qdisc noqueue state UNKNOWN group default qlen 1000
    link/loopback 00:00:00:00:00:00 brd 00:00:00:00:00:00
    inet 127.0.0.1/8 brd 127.255.255.255 scope host lo
       valid_lft forever preferred_lft forever
    inet6 ::1/128 scope host 
       valid_lft forever preferred_lft forever
2: eth0: <BROADCAST,MULTICAST,UP,LOWER_UP> mtu 1500 qdisc fq_codel state UP group default qlen 1000
    link/ether 52:54:00:12:34:56 brd ff:ff:ff:ff:ff:ff
    inet 169.254.2.15/16 brd 169.254.255.255 scope global dynamic eth0
       valid_lft 86460sec preferred_lft 86460sec
    inet6 fec0::5054:ff:fe12:3456/64 scope site tentative dynamic mngtmpaddr 
       valid_lft 86399sec preferred_lft 14399sec
    inet6 fe80::5054:ff:fe12:3456/64 scope link 
       valid_lft forever preferred_lft forever
+ ip r
default via 169.254.2.2 dev eth0 
169.254.0.0/16 dev eth0 proto kernel scope link src 169.254.2.15 
+ cat /etc/resolv.conf
; generated by /usr/sbin/dhclient-script
nameserver 169.254.2.3
+ lsmod
Module                  Size  Used by
dm_mod                151552  4
sg                     40960  0
libcrc32c              16384  0
crc8                   16384  0
crc7                   16384  0
crc_itu_t              16384  0
virtiofs               28672  0
fuse                  155648  1 virtiofs
ext4                  761856  1
mbcache                16384  1 ext4
jbd2                  131072  1 ext4
virtio_vdpa            16384  0
vdpa                   20480  1 virtio_vdpa
virtio_input           16384  0
virtio_balloon         20480  0
virtio_scsi            20480  2
sd_mod                 53248  3
t10_pi                 16384  1 sd_mod
nd_pmem                20480  0
nd_btt                 24576  1 nd_pmem
virtio_net             53248  0
net_failover           24576  1 virtio_net
failover               16384  1 net_failover
virtio_console         36864  0
virtio_blk             20480  0
ata_piix               36864  0
libata                270336  1 ata_piix
nfit                   65536  0
libnvdimm             192512  3 nd_btt,nd_pmem,nfit
crc32_generic          16384  0
crct10dif_pclmul       16384  1
crc32c_intel           24576  2
crc32_pclmul           16384  0
+ date
Tue Feb 15 13:21:33 UTC 2022
+ echo -n 'clocksource: '
clocksource: + cat /sys/devices/system/clocksource/clocksource0/current_clocksource
kvm-clock
+ echo -n 'uptime: '
uptime: + cat /proc/uptime
4.72 2.29
+ cmd=guestfsd
++ grep -Eo 'guestfs_channel=[^[:space:]]+' /proc/cmdline
+ eval
+ test x '!=' x
+ test 1 = 1
+ cmd='guestfsd --verbose'
+ test 1 = 1
+ cmd='guestfsd --verbose --network'
+ false
+ test '' = 1
+ echo guestfsd --verbose --network
guestfsd --verbose --network
+ guestfsd --verbose --network
lvm_system_dir = /tmp/lvm
OCaml daemon loaded
commandrvf: stdout=y stderr=y flags=0x0
commandrvf: ls -1v /dev/disk/by-path
commandrvf: stdout=n stderr=y flags=0x0
commandrvf: udevadm --debug settle -E /dev/sda
calling: settle
commandrvf: stdout=n stderr=y flags=0x0
commandrvf: udevadm --debug settle -E /dev/sdb
calling: settle
trying to open virtio-serial channel '/dev/virtio-ports/org.libguestfs.channel.0'
commandrvf: stdout=n stderr=y flags=0x0
commandrvf: udevadm --debug settle
calling: settle
libguestfs: recv_from_daemon: received GUESTFS_LAUNCH_FLAG
libguestfs: appliance is up
libguestfs: trace: v2v: launch = 0
libguestfs: trace: v2v: c_pointer
libguestfs: trace: v2v: c_pointer = 94274306148032
libguestfs: trace: v2v: list_partitions
guestfsd: <= list_partitions (0x8) request length 40 bytes
command: ls '-1v' '/dev/disk/by-path'
command: ls returned 0
command: ls: stdout:
pci-0000:00:03.0-scsi-0:0:0:0
pci-0000:00:03.0-scsi-0:0:0:0-part1
pci-0000:00:03.0-scsi-0:0:0:0-part2
pci-0000:00:03.0-scsi-0:0:1:0
commandrvf: stdout=n stderr=y flags=0x0
commandrvf: udevadm --debug settle -E /dev/sda
calling: settle
commandrvf: stdout=n stderr=y flags=0x0
commandrvf: udevadm --debug settle -E /dev/sdb
calling: settle
libguestfs: trace: v2v: list_partitions = ["/dev/sda1", "/dev/sda2"]
libguestfs: trace: v2v: vfs_type "/dev/sda1"
guestfsd: => list_partitions (0x8) took 0.03 secs
guestfsd: <= vfs_type (0xc6) request length 56 bytes
commandrvf: stdout=n stderr=y flags=0x0
commandrvf: udevadm --debug settle -E /dev/sda1
calling: settle
command: blkid '-c' '/dev/null' '-o' 'value' '-s' 'TYPE' '/dev/sda1'
command: blkid returned 0
command: blkid: stdout:
xfs
libguestfs: trace: v2v: vfs_type = "xfs"
libguestfs: trace: v2v: vfs_type "/dev/sda2"
guestfsd: => vfs_type (0xc6) took 0.02 secs
guestfsd: <= vfs_type (0xc6) request length 56 bytes
commandrvf: stdout=n stderr=y flags=0x0
commandrvf: udevadm --debug settle -E /dev/sda2
calling: settle
command: blkid '-c' '/dev/null' '-o' 'value' '-s' 'TYPE' '/dev/sda2'
command: blkid returned 0
command: blkid: stdout:
LVM2_member
guestfsd: => vfs_type (0xc6libguestfs: trace: v2v: vfs_type = "LVM2_member"
[  12.9] Inspecting the overlay
libguestfs: trace: v2v: inspect_os
) took 0.02 secs
guestfsd: <= inspect_os (0x1e0) request length 40 bytes
command: ls '-1v' '/dev/disk/by-path'
command: ls returned 0
command: ls: stdout:
pci-0000:00:03.0-scsi-0:0:0:0
pci-0000:00:03.0-scsi-0:0:0:0-part1
pci-0000:00:03.0-scsi-0:0:0:0-part2
pci-0000:00:03.0-scsi-0:0:1:0
commandrvf: stdout=n stderr=y flags=0x0
commandrvf: udevadm --debug settle -E /dev/sda
calling: settle
commandrvf: stdout=n stderr=y flags=0x0
commandrvf: udevadm --debug settle -E /dev/sdb
calling: settle
command: lvm 'lvs' '--help'
command: lvm returned 0
command: lvm: stdout:
  lvs - Display information about logical volumes

  lvs
\t[ -H|--history ]
\t[ -a|--all ]
\t[ -o|--options String ]
\t[ -S|--select String ]
\t[ -O|--sort String ]
\t[    --segments ]
\t[    --aligned ]
\t[    --binary ]
\t[    --configreport log|vg|lv|pv|pvseg|seg ]
\t[    --foreign ]
\t[    --ignorelockingfailure ]
\t[    --logonly ]
\t[    --nameprefixes ]
\t[    --noheadings ]
\t[    --nosuffix ]
\t[    --readonly ]
\t[    --reportformat basic|json ]
\t[    --rows ]
\t[    --separator String ]
\t[    --shared ]
\t[    --unbuffered ]
\t[    --units [Number]r|R|h|H|b|B|s|S|k|K|m|M|g|G|t|T|p|P|e|E ]
\t[    --unquoted ]
\t[ COMMON_OPTIONS ]
\t[ VG|LV|Tag ... ]

  Common options for lvm:
\t[ -d|--debug ]
\t[ -h|--help ]
\t[ -q|--quiet ]
\t[ -v|--verbose ]
\t[ -y|--yes ]
\t[ -t|--test ]
\t[    --commandprofile String ]
\t[    --config String ]
\t[    --driverloaded y|n ]
\t[    --nolocking ]
\t[    --lockopt String ]
\t[    --longhelp ]
\t[    --profile String ]
\t[    --version ]
\t[    --devicesfile String ]
\t[    --devices PV ]

  Use --longhelp to show all options and advanced commands.
command: lvm 'lvs' '-o' 'vg_name,lv_name' '-S' 'lv_role=public && lv_skip_activation!=yes' '--noheadings' '--separator' '/'
command: lvm returned 0
command: lvm: stdout:
  vg_rhev-orange-03/lv_root
  vg_rhev-orange-03/lv_swap
command: lvm 'lvs' '-o' 'vg_name,lv_name' '-S' 'lv_role=public && lv_skip_activation!=yes' '--noheadings' '--separator' '/'
command: lvm returned 0
command: lvm: stdout:
  vg_rhev-orange-03/lv_root
  vg_rhev-orange-03/lv_swap
command: ls '-1v' '/dev/disk/by-path'
command: ls returned 0
command: ls: stdout:
pci-0000:00:03.0-scsi-0:0:0:0
pci-0000:00:03.0-scsi-0:0:0:0-part1
pci-0000:00:03.0-scsi-0:0:0:0-part2
pci-0000:00:03.0-scsi-0:0:1:0
commandrvf: stdout=n stderr=y flags=0x0
commandrvf: udevadm --debug settle -E /dev/sda
calling: settle
commandrvf: stdout=n stderr=y flags=0x0
commandrvf: udevadm --debug settle -E /dev/sdb
calling: settle
commandrvf: stdout=n stderr=y flags=0x0
commandrvf: udevadm --debug settle
calling: settle
command: parted '-m' '-s' '--' '/dev/sda' 'unit' 'b' 'print'
command: parted returned 0
command: parted: stdout:
BYT;
/dev/sda:12884901888B:scsi:512:512:msdos:QEMU QEMU HARDDISK:;
1:1048576B:537919487B:536870912B:xfs::boot;
2:537919488B:12884901887B:12346982400B:::lvm;
commandrvf: stdout=n stderr=y flags=0x0
commandrvf: udevadm --debug settle
calling: settle
commandrvf: stdout=n stderr=y flags=0x0
commandrvf: udevadm --debug settle
calling: settle
command: parted '-m' '-s' '--' '/dev/sda' 'unit' 'b' 'print'
command: parted returned 0
command: parted: stdout:
BYT;
/dev/sda:12884901888B:scsi:512:512:msdos:QEMU QEMU HARDDISK:;
1:1048576B:537919487B:536870912B:xfs::boot;
2:537919488B:12884901887B:12346982400B:::lvm;
commandrvf: stdout=n stderr=y flags=0x0
commandrvf: udevadm --debug settle
calling: settle
command: sfdisk '--help'
command: sfdisk returned 0
command: sfdisk: stdout:

Usage:
 sfdisk [options] <dev> [[-N] <part>]
 sfdisk [options] <command>

Display or manipulate a disk partition table.

Commands:
 -A, --activate <dev> [<part> ...] list or set bootable (P)MBR partitions
 -d, --dump <dev>                  dump partition table (usable for later input)
 -J, --json <dev>                  dump partition table in JSON format
 -g, --show-geometry [<dev> ...]   list geometry of all or specified devices
 -l, --list [<dev> ...]            list partitions of each device
 -F, --list-free [<dev> ...]       list unpartitioned free areas of each device
 -r, --reorder <dev>               fix partitions order (by start offset)
 -s, --show-size [<dev> ...]       list sizes of all or specified devices
 -T, --list-types                  print the recognized types (see -X)
 -V, --verify [<dev> ...]          test whether partitions seem correct
     --delete <dev> [<part> ...]   delete all or specified partitions

 --part-label <dev> <part> [<str>] print or change partition label
 --part-type <dev> <part> [<type>] print or change partition type
 --part-uuid <dev> <part> [<uuid>] print or change partition uuid
 --part-attrs <dev> <part> [<str>] print or change partition attributes

 <dev>                     device (usually disk) path
 <part>                    partition number
 <type>                    partition type, GUID for GPT, hex for MBR

Options:
 -a, --append              append partitions to existing partition table
 -b, --backup              backup partition table sectors (see -O)
     --bytes               print SIZE in bytes rather than in human readable format
     --move-data[=<typescript>] move partition data after relocation (requires -N)
 -f, --force               disable all consistency checking
     --color[=<when>]      colorize output (auto, always or never)
                             colors are enabled by default
 -N, --partno <num>        specify partition number
 -n, --no-act              do everything except write to device
     --no-reread           do not check whether the device is in use
     --no-tell-kernel      do not tell kernel about changes
 -O, --backup-file <path>  override default backup file name
 -o, --output <list>       output columns
 -q, --quiet               suppress extra info messages
 -w, --wipe <mode>         wipe signatures (auto, always or never)
 -W, --wipe-partitions <mode>  wipe signatures from new partitions (auto, always or never)
 -X, --label <name>        specify label type (dos, gpt, ...)
 -Y, --label-nested <name> specify nested label type (dos, bsd)

 -G, --show-pt-geometry    deprecated, alias to --show-geometry
 -L, --Linux               deprecated, only for backward compatibility
 -u, --unit S              deprecated, only sector unit is supported

 -h, --help                display this help
 -v, --version             display version

Available output columns:
 gpt: Device Start End Sectors Size Type Type-UUID Attrs Name UUID
 dos: Device Start End Sectors Cylinders Size Type Id Attrs Boot End-C/H/S
      Start-C/H/S
 bsd: Slice Start End Sectors Cylinders Size Type Bsize Cpg Fsize
 sgi: Device Start End Sectors Cylinders Size Type Id Attrs
 sun: Device Start End Sectors Cylinders Size Type Id Flags

For more details see sfdisk(8).
commandrvf: stdout=n stderr=y flags=0x0
commandrvf: udevadm --debug settle
calling: settle
command: sfdisk '--part-type' '/dev/sda' '1'
command: sfdisk returned 0
command: sfdisk: stdout:
83
commandrvf: stdout=n stderr=y flags=0x0
commandrvf: udevadm --debug settle
calling: settle
commandrvf: stdout=n stderr=y flags=0x0
commandrvf: udevadm --debug settle
calling: settle
command: fold-stdout-on-stderr sgdisk '/dev/sda' '-i' '1'
command: sgdisk returned 0
command: sgdisk: stderr:

***************************************************************
Found invalid GPT and valid MBR; converting MBR to GPT format
in memory. 
***************************************************************


Warning! Secondary partition table overlaps the last partition by
33 blocks!
You will need to delete this partition or resize it in another utility.
Partition GUID code: 0FC63DAF-8483-4772-8E79-3D69D8477DE4 (Linux filesystem)
Partition unique GUID: DC0D01D4-E875-4BBA-9236-8118AC7CE14D
First sector: 2048 (at 1024.0 KiB)
Last sector: 1050623 (at 513.0 MiB)
Partition size: 1048576 sectors (512.0 MiB)
Attribute flags: 0000000000000000
Partition name: 'Linux filesystem'
commandrvf: stdout=n stderr=y flags=0x0
commandrvf: udevadm --debug settle
calling: settle
commandrvf: stdout=n stderr=y flags=0x0
commandrvf: udevadm --debug settle
calling: settle
command: parted '-m' '-s' '--' '/dev/sda' 'unit' 'b' 'print'
command: parted returned 0
command: parted: stdout:
BYT;
/dev/sda:12884901888B:scsi:512:512:msdos:QEMU QEMU HARDDISK:;
1:1048576B:537919487B:536870912B:xfs::boot;
2:537919488B:12884901887B:12346982400B:::lvm;
commandrvf: stdout=n stderr=y flags=0x0
commandrvf: udevadm --debug settle
calling: settle
commandrvf: stdout=n stderr=y flags=0x0
commandrvf: udevadm --debug settle
calling: settle
command: parted '-m' '-s' '--' '/dev/sda' 'unit' 'b' 'print'
command: parted returned 0
command: parted: stdout:
BYT;
/dev/sda:12884901888B:scsi:512:512:msdos:QEMU QEMU HARDDISK:;
1:1048576B:537919487B:536870912B:xfs::boot;
2:537919488B:12884901887B:12346982400B:::lvm;
commandrvf: stdout=n stderr=y flags=0x0
commandrvf: udevadm --debug settle
calling: settle
commandrvf: stdout=n stderr=y flags=0x0
commandrvf: udevadm --debug settle
calling: settle
command: sfdisk '--part-type' '/dev/sda' '2'
command: sfdisk returned 0
command: sfdisk: stdout:
8e
commandrvf: stdout=n stderr=y flags=0x0
commandrvf: udevadm --debug settle
calling: settle
commandrvf: stdout=n stderr=y flags=0x0
commandrvf: udevadm --debug settle
calling: settle
command: fold-stdout-on-stderr sgdisk '/dev/sda' '-i' '2'
command: sgdisk returned 0
command: sgdisk: stderr:

***************************************************************
Found invalid GPT and valid MBR; converting MBR to GPT format
in memory. 
***************************************************************


Warning! Secondary partition table overlaps the last partition by
33 blocks!
You will need to delete this partition or resize it in another utility.
Partition GUID code: E6D6D379-F507-44C2-A23C-238F2A3DF928 (Linux LVM)
Partition unique GUID: 81C2A7B1-6D9E-41DB-85B3-D7317A90ED31
First sector: 1050624 (at 513.0 MiB)
Last sector: 25165823 (at 12.0 GiB)
Partition size: 24115200 sectors (11.5 GiB)
Attribute flags: 0000000000000000
Partition name: 'Linux LVM'
commandrvf: stdout=n stderr=y flags=0x0
commandrvf: udevadm --debug settle
calling: settle
command: blkid '-c' '/dev/null' '-o' 'value' '-s' 'TYPE' '/dev/sda1'
command: blkid returned 0
command: blkid: stdout:
xfs
command: blkid '-c' '/dev/null' '-o' 'value' '-s' 'TYPE' '/dev/sda2'
command: blkid returned 0
command: blkid: stdout:
LVM2_member
command: lvm 'lvs' '-o' 'vg_name,lv_name' '-S' 'lv_role=public && lv_skip_activation!=yes' '--noheadings' '--separator' '/'
command: lvm returned 0
command: lvm: stdout:
  vg_rhev-orange-03/lv_root
  vg_rhev-orange-03/lv_swap
command: blkid '-c' '/dev/null' '-o' 'value' '-s' 'TYPE' '/dev/vg_rhev-orange-03/lv_root'
command: blkid returned 0
command: blkid: stdout:
xfs
command: blkid '-c' '/dev/null' '-o' 'value' '-s' 'TYPE' '/dev/vg_rhev-orange-03/lv_swap'
command: blkid returned 0
command: blkid: stdout:
swap
check_for_filesystem_on: /dev/sda1 (xfs)
command: mount '-o' 'ro' '/dev/sda1' '/sysroot//'
[    5.770591] SGI XFS with ACLs, security attributes, quota, no debug enabled
[    5.777040] XFS (sda1): Mounting V5 Filesystem
[    5.903660] XFS (sda1): Ending clean mount
command: mount returned 0
chroot: /sysroot: running 'is_file: /grub/menu.lst'
chroot: /sysroot: running 'is_file: /grub/grub.conf'
chroot: /sysroot: running 'is_file: /grub2/grub.cfg'
check_filesystem: /dev/sda1 matched Grub /boot
command: umount '/sysroot'
[    5.929441] XFS (sda1): Unmounting Filesystem
command: umount returned 0
check_for_filesystem_on: /dev/vg_rhev-orange-03/lv_root (xfs)
command: mount '-o' 'ro' '/dev/vg_rhev-orange-03/lv_root' '/sysroot//'
[    5.945604] XFS (dm-1): Mounting V5 Filesystem
[    6.032053] XFS (dm-1): Ending clean mount
command: mount returned 0
chroot: /sysroot: running 'is_file: /grub/menu.lst'
chroot: /sysroot: running 'is_file: /grub/grub.conf'
chroot: /sysroot: running 'is_file: /grub2/grub.cfg'
chroot: /sysroot: running 'is_dir: /etc'
chroot: /sysroot: running 'is_dir: /bin'
chroot: /sysroot: running 'is_dir: /etc'
chroot: /sysroot: running 'is_dir: /bin'
chroot: /sysroot: running 'is_dir: /etc'
chroot: /sysroot: running 'is_dir: /bin'
chroot: /sysroot: running 'is_file: /hurd/console'
chroot: /sysroot: running 'is_dir: /etc'
chroot: /sysroot: running 'is_dir: /bin'
chroot: /sysroot: running 'is_dir: /etc'
chroot: /sysroot: running 'is_dir: /bin'
chroot: /sysroot: running 'is_symlink: /bin'
chroot: /sysroot: running 'readlink: /bin'
chroot: /sysroot: running 'is_file: /etc/fstab'
check_filesystem: /dev/vg_rhev-orange-03/lv_root matched Linux root
check_tests: checking /etc/os-release
chroot: /sysroot: running 'is_file: /etc/os-release'
chroot: /sysroot: running 'parse_os_release'
parse_version_from_major_minor: parsing '8.2'
chroot: /sysroot: running 'is_file: /bin/bash'
chroot: /sysroot: running 'realpath: /bin/bash'
commandrvf: stdout=n stderr=y flags=0x0
commandrvf: udevadm --debug settle -E /usr/bin/bash
calling: settle
chroot: /sysroot: running 'file: /usr/bin/bash'
command: file '-zb' '/sysroot//usr/bin/bash'
command: file returned 0
command: file: stdout:
ELF 64-bit LSB shared object, x86-64, version 1 (SYSV), dynamically linked, interpreter /lib64/ld-linux-x86-64.so.2, for GNU/Linux 3.2.0, BuildID[sha1]=080e6de957ae21c76da4e481b90f122ac652d5dd, stripped, too many notes (256)
chroot: /sysroot: running 'is_file: /etc/fstab'
chroot: /sysroot: running 'check_fstab_aug'
chroot: /sysroot: running 'is_file: /etc/mdadm.conf'
chroot: /sysroot: running 'is_file: /etc/mdadm/mdadm.conf'
augeas pathexpr = /augeas/load/*[ "/etc/fstab/" !~ regexp('^') + glob(incl) + regexp('/.*') ]
check_fstab_entry: augeas path: /files/etc/fstab/3
check_fstab_entry: spec=/dev/mapper/vg_rhev--orange--03-lv_swap
check_fstab_entry: mp=swap
resolve_fstab_device: /dev/mapper/vg_rhev--orange--03-lv_swap matched /dev/mapper
command: lvm 'lvs' '-o' 'vg_name,lv_name' '-S' 'lv_role=public && lv_skip_activation!=yes' '--noheadings' '--separator' '/'
command: lvm returned 0
command: lvm: stdout:
  vg_rhev-orange-03/lv_root
  vg_rhev-orange-03/lv_swap
check_fstab_entry: vfstype=swap
check_fstab_entry: augeas path: /files/etc/fstab/2
check_fstab_entry: spec=UUID=bb71b03e-0a2e-4efb-a461-ce470b17ab75
check_fstab_entry: mp=/boot
command: findfs 'UUID=bb71b03e-0a2e-4efb-a461-ce470b17ab75'
command: findfs returned 0
command: findfs: stdout:
/dev/sda1
check_fstab_entry: vfstype=xfs
check_fstab_entry: augeas path: /files/etc/fstab/1
check_fstab_entry: spec=/dev/mapper/vg_rhev--orange--03-lv_root
check_fstab_entry: mp=/
resolve_fstab_device: /dev/mapper/vg_rhev--orange--03-lv_root matched /dev/mapper
command: lvm 'lvs' '-o' 'vg_name,lv_name' '-S' 'lv_role=public && lv_skip_activation!=yes' '--noheadings' '--separator' '/'
command: lvm returned 0
command: lvm: stdout:
  vg_rhev-orange-03/lv_root
  vg_rhev-orange-03/lv_swap
check_fstab_entry: vfstype=xfs
chroot: /sysroot: running 'check_hostname_from_file: /etc/HOSTNAME'
chroot: /sysroot: running 'check_hostname_from_file: /etc/hostname'
command: umount '/sysroot'
[    6.816382] XFS (dm-1): Unmounting Filesystem
command: umount returned 0
check_for_filesystem_on: /dev/vg_rhev-orange-03/lv_swap (swap)
inspect_os: fses:
fs: /dev/sda1 (xfs) role: other
fs: /dev/vg_rhev-orange-03/lv_root (xfs) role: root
    type: linux
    distro: rhel
    package_format: rpm
    package_management: dnf
    product_name: Red Hat Enterprise Linux 8.2 (Ootpa)
    version: 8.2
    arch: x86_64
    hostname: rhev-orange-03.rdu2.scalelab.redhat.com
    fstab: [(/dev/vg_rhev-orange-03/lv_swap, swap), (/dev/sda1, /boot), (/dev/vg_rhev-orange-03/lv_root, /)]

fs: /dev/vg_rhev-orange-03/lv_swap (swap) role: swap
inspect_get_roots: roots:
/dev/vg_rhev-orange-03/lv_root (xfs):
    type: linux
    distro: rhel
    package_format: rpm
    package_management: dnf
    product_name: Red Hat Enterprise Linux 8.2 (Ootpa)
    version: 8.2
    arch: x86_64
    hostname: rhev-orange-03.rdu2.scalelab.redhat.com
    fstab: [(/dev/vg_rhev-orange-03/lv_swap, swap), (/dev/sda1, /boot), (/dev/vg_rhev-orange-03/lv_root, /)]
guestfsd: => inspect_os (0x1e0) took 1.97 secslibguestfs: trace: v2v: inspect_os = ["/dev/vg_rhev-orange-03/lv_root"]
libguestfs: trace: v2v: inspect_get_format "/dev/vg_rhev-orange-03/lv_root"

guestfsd: <= inspect_get_format (0x1e2) request length 76 bytes
commandrvf: stdout=n stderr=y flags=0x0
commandrvf: udevadm --debug settle -E /dev/vg_rhev-orange-03/lv_root
calling: settle
libguestfs: trace: v2v: inspect_get_format = "installed"
libguestfs: trace: v2v: inspect_get_type "/dev/vg_rhev-orange-03/lv_root"
guestfsd: => inspect_get_format (0x1e2) took 0.01 secs
guestfsd: <= inspect_get_type (0x1e3) request length 76 bytes
commandrvf: stdout=n stderr=y flags=0x0
commandrvf: udevadm --debug settle -E /dev/vg_rhev-orange-03/lv_root
calling: settle
libguestfs: trace: v2v: inspect_get_type = "linux"
libguestfs: trace: v2v: inspect_get_mountpoints "/dev/vg_rhev-orange-03/lv_root"
guestfsd: => inspect_get_type (0x1e3) took 0.01 secs
guestfsd: <= inspect_get_mountpoints (0x1f4) request length 76 bytes
commandrvf: stdout=n stderr=y flags=0x0
commandrvf: udevadm --debug settle -E /dev/vg_rhev-orange-03/lv_root
calling: settle
libguestfs: trace: v2v: inspect_get_mountpoints = ["/boot", "/dev/sda1", "/", "/dev/vg_rhev-orange-03/lv_root"]
libguestfs: trace: v2v: mount "/dev/vg_rhev-orange-03/lv_root" "/"
guestfsd: => inspect_get_mountpoints (0x1f4) took 0.01 secs
guestfsd: <= mount (0x1) request length 84 bytes
commandrvf: stdout=n stderr=y flags=0x0
commandrvf: udevadm --debug settle -E /dev/vg_rhev-orange-03/lv_root
calling: settle
command: mount '/dev/vg_rhev-orange-03/lv_root' '/sysroot//'
[    6.935879] XFS (dm-1): Mounting V5 Filesystem
[    6.943632] XFS (dm-1): Ending clean mount
guestfsd: => mount (0x1) took 0.04 secs
libguestfs: trace: v2v: mount = 0
libguestfs: trace: v2v: touch "/784kbv0a"
guestfsd: <= touch (0x3) request length 56 bytes
guestfsd: => touch (0x3) took 0.00 secs
libguestfs: trace: v2v: touch = 0
libguestfs: trace: v2v: rm "/784kbv0a"
guestfsd: <= rm (0x1d) request length 56 bytes
guestfsd: => rm (0x1d) took 0.00 slibguestfs: trace: v2v: rm = 0
libguestfs: trace: v2v: mount "/dev/sda1" "/boot"
ecs
guestfsd: <= mount (0x1) request length 68 bytes
commandrvf: stdout=n stderr=y flags=0x0
commandrvf: udevadm --debug settle -E /dev/sda1
calling: settle
command: mount returned 0
command: mount '/dev/sda1' '/sysroot//boot'
[    7.006261] XFS (sda1): Mounting V5 Filesystem
[    7.059788] XFS (sda1): Ending clean mount
guestfsd: => mount (0x1) took 0.10 secs
libguestfs: trace: v2v: mount = 0
libguestfs: trace: v2v: inspect_list_applications2 "/dev/vg_rhev-orange-03/lv_root"
libguestfs: trace: v2v: inspect_get_type "/dev/vg_rhev-orange-03/lv_root"
guestfsd: <= inspect_get_type (0x1e3) request length 76 bytes
commandrvf: stdout=n stderr=y flags=0x0
commandrvf: udevadm --debug settle -E /dev/vg_rhev-orange-03/lv_root
calling: settle
libguestfs: trace: v2v: inspect_get_type = "linux"
libguestfs: trace: v2v: inspect_get_package_format "/dev/vg_rhev-orange-03/lv_root"
guestfsd: => inspect_get_type (0x1e3) took 0.01 secs
guestfsd: <= inspect_get_package_format (0x1e5) request length 76 bytes
commandrvf: stdout=n stderr=y flags=0x0
commandrvf: udevadm --debug settle -E /dev/vg_rhev-orange-03/lv_root
calling: settle
libguestfs: trace: v2v: inspect_get_package_format = "rpm"
libguestfs: trace: v2v: filesize "/var/lib/rpm/Name"
guestfsd: => inspect_get_package_format (0x1e5) took 0.01 secs
guestfsd: <= filesize (0xda) request length 64 bytes
libguestfs: trace: v2v: filesize = 28672
libguestfs: trace: v2v: download "/var/lib/rpm/Name" "/dev/fd/3"
guestfsd: => filesize (0xda) took 0.01 secs
guestfsd: <= download (0x43) request length 64 bytes
commandrvf: stdout=n stderr=y flags=0x0
commandrvf: udevadm --debug settle -E /var/lib/rpm/Name
calling: settle
commandrvf: stdout=n stderr=y flags=0x0
commandrvf: udevadm --debug settle -E /var/lib/rpm/Name
calling: settle
libguestfs: trace: v2v: download = 0
libguestfs: trace: v2v: filesize "/var/lib/rpm/Packages"
guestfsd: => download (0x43) took 0.05 secs
guestfsd: <= filesize (0xda) request length 68 bytes
guestfsd: libguestfs: trace: v2v: filesize = 42725376
libguestfs: trace: v2v: download "/var/lib/rpm/Packages" "/dev/fd/3"
=> filesize (0xda) took 0.00 secs
guestfsd: <= download (0x43) request length 68 bytes
commandrvf: stdout=n stderr=y flags=0x0
commandrvf: udevadm --debug settle -E /var/lib/rpm/Packages
calling: settle
commandrvf: stdout=n stderr=y flags=0x0
commandrvf: udevadm --debug settle -E /var/lib/rpm/Packages
calling: settle
libguestfs: trace: v2v: download = 0
libguestfs: command: run: /usr/bin/db_dump
libguestfs: command: run: \ -k /tmp/libguestfsiK7WrM/download3
libguestfs: command: run: /usr/bin/db_dump
libguestfs: command: run: \ -k /tmp/libguestfsiK7WrM/download4
